Archive member included to satisfy reference by file (symbol)

C:\Users\g031q\workspace\Robot_sample\mbed\TARGET_NUCLEO_F446RE\TOOLCHAIN_GCC_ARM\libmbed.a(AnalogIn.o)
                              Ballsensor/Ballsensor.o (mbed::AnalogIn::_mutex)
C:\Users\g031q\workspace\Robot_sample\mbed\TARGET_NUCLEO_F446RE\TOOLCHAIN_GCC_ARM\libmbed.a(mbed_lp_ticker_api.o)
                              C:/Users/g031q/workspace/Robot_sample/mbed/TARGET_NUCLEO_F446RE/TOOLCHAIN_GCC_ARM/lp_ticker.o (lp_ticker_irq_handler)
C:\Users\g031q\workspace\Robot_sample\mbed\TARGET_NUCLEO_F446RE\TOOLCHAIN_GCC_ARM\libmbed.a(mbed_gpio.o)
                              Ping/Ping.o (gpio_init_in)
C:\Users\g031q\workspace\Robot_sample\mbed\TARGET_NUCLEO_F446RE\TOOLCHAIN_GCC_ARM\libmbed.a(Timer.o)
                              main.o (mbed::Timer::~Timer())
C:\Users\g031q\workspace\Robot_sample\mbed\TARGET_NUCLEO_F446RE\TOOLCHAIN_GCC_ARM\libmbed.a(mbed_pinmap_common.o)
                              C:/Users/g031q/workspace/Robot_sample/mbed/TARGET_NUCLEO_F446RE/TOOLCHAIN_GCC_ARM/analogin_api.o (pinmap_pinout)
C:\Users\g031q\workspace\Robot_sample\mbed\TARGET_NUCLEO_F446RE\TOOLCHAIN_GCC_ARM\libmbed.a(mbed_us_ticker_api.o)
                              C:/Users/g031q/workspace/Robot_sample/mbed/TARGET_NUCLEO_F446RE/TOOLCHAIN_GCC_ARM/mbed_retarget.o (get_us_ticker_data)
C:\Users\g031q\workspace\Robot_sample\mbed\TARGET_NUCLEO_F446RE\TOOLCHAIN_GCC_ARM\libmbed.a(Serial.o)
                              main.o (mbed::Serial::Serial(PinName, PinName, char const*, int))
C:\Users\g031q\workspace\Robot_sample\mbed\TARGET_NUCLEO_F446RE\TOOLCHAIN_GCC_ARM\libmbed.a(InterruptIn.o)
                              Ping/Ping.o (mbed::InterruptIn::InterruptIn(PinName))
C:\Users\g031q\workspace\Robot_sample\mbed\TARGET_NUCLEO_F446RE\TOOLCHAIN_GCC_ARM\libmbed.a(I2C.o)
                              BNO055_fusion/BNO055.o (mbed::I2C::I2C(PinName, PinName))
C:\Users\g031q\workspace\Robot_sample\mbed\TARGET_NUCLEO_F446RE\TOOLCHAIN_GCC_ARM\libmbed.a(mbed_ticker_api.o)
                              C:\Users\g031q\workspace\Robot_sample\mbed\TARGET_NUCLEO_F446RE\TOOLCHAIN_GCC_ARM\libmbed.a(mbed_lp_ticker_api.o) (ticker_irq_handler)
C:\Users\g031q\workspace\Robot_sample\mbed\TARGET_NUCLEO_F446RE\TOOLCHAIN_GCC_ARM\libmbed.a(mbed_mktime.o)
                              C:/Users/g031q/workspace/Robot_sample/mbed/TARGET_NUCLEO_F446RE/TOOLCHAIN_GCC_ARM/rtc_api.o (_rtc_mktime)
C:\Users\g031q\workspace\Robot_sample\mbed\TARGET_NUCLEO_F446RE\TOOLCHAIN_GCC_ARM\libmbed.a(mbed_sleep_manager.o)
                              Motor/Motor.o (sleep_manager_lock_deep_sleep)
C:\Users\g031q\workspace\Robot_sample\mbed\TARGET_NUCLEO_F446RE\TOOLCHAIN_GCC_ARM\libmbed.a(mbed_assert.o)
                              C:/Users/g031q/workspace/Robot_sample/mbed/TARGET_NUCLEO_F446RE/TOOLCHAIN_GCC_ARM/analogin_api.o (mbed_assert_internal)
C:\Users\g031q\workspace\Robot_sample\mbed\TARGET_NUCLEO_F446RE\TOOLCHAIN_GCC_ARM\libmbed.a(mbed_critical.o)
                              Motor/Motor.o (core_util_critical_section_enter)
C:\Users\g031q\workspace\Robot_sample\mbed\TARGET_NUCLEO_F446RE\TOOLCHAIN_GCC_ARM\libmbed.a(mbed_error.o)
                              C:/Users/g031q/workspace/Robot_sample/mbed/TARGET_NUCLEO_F446RE/TOOLCHAIN_GCC_ARM/analogin_api.o (error)
C:\Users\g031q\workspace\Robot_sample\mbed\TARGET_NUCLEO_F446RE\TOOLCHAIN_GCC_ARM\libmbed.a(SerialBase.o)
                              main.o (mbed::SerialBase::readable())
C:\Users\g031q\workspace\Robot_sample\mbed\TARGET_NUCLEO_F446RE\TOOLCHAIN_GCC_ARM\libmbed.a(FilePath.o)
                              C:/Users/g031q/workspace/Robot_sample/mbed/TARGET_NUCLEO_F446RE/TOOLCHAIN_GCC_ARM/mbed_retarget.o (mbed::FilePath::FilePath(char const*))
C:\Users\g031q\workspace\Robot_sample\mbed\TARGET_NUCLEO_F446RE\TOOLCHAIN_GCC_ARM\libmbed.a(FileBase.o)
                              C:\Users\g031q\workspace\Robot_sample\mbed\TARGET_NUCLEO_F446RE\TOOLCHAIN_GCC_ARM\libmbed.a(FilePath.o) (mbed::FileBase::getPathType())
C:\Users\g031q\workspace\Robot_sample\mbed\TARGET_NUCLEO_F446RE\TOOLCHAIN_GCC_ARM\libmbed.a(mbed_wait_api_no_rtos.o)
                              Ping/Ping.o (wait_us)
C:\Users\g031q\workspace\Robot_sample\mbed\TARGET_NUCLEO_F446RE\TOOLCHAIN_GCC_ARM\libmbed.a(Stream.o)
                              C:\Users\g031q\workspace\Robot_sample\mbed\TARGET_NUCLEO_F446RE\TOOLCHAIN_GCC_ARM\libmbed.a(Serial.o) (mbed::Stream::write(void const*, unsigned int))
C:\Users\g031q\workspace\Robot_sample\mbed\TARGET_NUCLEO_F446RE\TOOLCHAIN_GCC_ARM\libmbed.a(FileHandle.o)
                              C:\Users\g031q\workspace\Robot_sample\mbed\TARGET_NUCLEO_F446RE\TOOLCHAIN_GCC_ARM\libmbed.a(Stream.o) (mbed::FileHandle::size())
c:/ac6/systemworkbench/plugins/fr.ac6.mcu.externaltools.arm-none.win32_1.16.0.201807130628/tools/compiler/bin/../lib/gcc/arm-none-eabi/7.2.1/../../../../arm-none-eabi/lib/thumb/v7e-m/fpv4-sp/softfp\libm.a(lib_a-s_sin.o)
[...]
Memory Configuration

Name             Origin             Length             Attributes
FLASH            0x08000000         0x00080000         xr
RAM              0x200001c4         0x0001fe3c         xrw
*default*        0x00000000         0xffffffff

Linker script and memory map

LOAD c:/ac6/systemworkbench/plugins/fr.ac6.mcu.externaltools.arm-none.win32_1.16.0.201807130628/tools/compiler/bin/../lib/gcc/arm-none-eabi/7.2.1/thumb/v7e-m/fpv4-sp/softfp/crti.o
LOAD c:/ac6/systemworkbench/plugins/fr.ac6.mcu.externaltools.arm-none.win32_1.16.0.201807130628/tools/compiler/bin/../lib/gcc/arm-none-eabi/7.2.1/thumb/v7e-m/fpv4-sp/softfp/crtbegin.o
LOAD c:/ac6/systemworkbench/plugins/fr.ac6.mcu.externaltools.arm-none.win32_1.16.0.201807130628/tools/compiler/bin/../lib/gcc/arm-none-eabi/7.2.1/../../../../arm-none-eabi/lib/thumb/v7e-m/fpv4-sp/softfp/crt0.o
START GROUP
LOAD c:/ac6/systemworkbench/plugins/fr.ac6.mcu.externaltools.arm-none.win32_1.16.0.201807130628/tools/compiler/bin/../lib/gcc/arm-none-eabi/7.2.1/../../../../arm-none-eabi/lib/thumb/v7e-m/fpv4-sp/softfp\libstdc++.a
LOAD c:/ac6/systemworkbench/plugins/fr.ac6.mcu.externaltools.arm-none.win32_1.16.0.201807130628/tools/compiler/bin/../lib/gcc/arm-none-eabi/7.2.1/../../../../arm-none-eabi/lib/thumb/v7e-m/fpv4-sp/softfp\libsupc++.a
LOAD c:/ac6/systemworkbench/plugins/fr.ac6.mcu.externaltools.arm-none.win32_1.16.0.201807130628/tools/compiler/bin/../lib/gcc/arm-none-eabi/7.2.1/thumb/v7e-m/fpv4-sp/softfp\libgcc.a
LOAD c:/ac6/systemworkbench/plugins/fr.ac6.mcu.externaltools.arm-none.win32_1.16.0.201807130628/tools/compiler/bin/../lib/gcc/arm-none-eabi/7.2.1/../../../../arm-none-eabi/lib/thumb/v7e-m/fpv4-sp/softfp\libnosys.a
END GROUP
LOAD BNO055_fusion/BNO055.o
LOAD Ballsensor/Ballsensor.o
LOAD Linesensor/Linesensor.o
LOAD Motor/Motor.o
LOAD Ping/Ping.o
LOAD main.o
LOAD C:/Users/g031q/workspace/Robot_sample/mbed/TARGET_NUCLEO_F446RE/TOOLCHAIN_GCC_ARM/PeripheralPins.o
LOAD C:/Users/g031q/workspace/Robot_sample/mbed/TARGET_NUCLEO_F446RE/TOOLCHAIN_GCC_ARM/analogin_api.o
LOAD C:/Users/g031q/workspace/Robot_sample/mbed/TARGET_NUCLEO_F446RE/TOOLCHAIN_GCC_ARM/analogout_api.o
LOAD C:/Users/g031q/workspace/Robot_sample/mbed/TARGET_NUCLEO_F446RE/TOOLCHAIN_GCC_ARM/analogout_device.o
LOAD C:/Users/g031q/workspace/Robot_sample/mbed/TARGET_NUCLEO_F446RE/TOOLCHAIN_GCC_ARM/can_api.o
LOAD C:/Users/g031q/workspace/Robot_sample/mbed/TARGET_NUCLEO_F446RE/TOOLCHAIN_GCC_ARM/flash_api.o
LOAD C:/Users/g031q/workspace/Robot_sample/mbed/TARGET_NUCLEO_F446RE/TOOLCHAIN_GCC_ARM/gpio_api.o
LOAD C:/Users/g031q/workspace/Robot_sample/mbed/TARGET_NUCLEO_F446RE/TOOLCHAIN_GCC_ARM/gpio_irq_api.o
LOAD C:/Users/g031q/workspace/Robot_sample/mbed/TARGET_NUCLEO_F446RE/TOOLCHAIN_GCC_ARM/gpio_irq_device.o
LOAD C:/Users/g031q/workspace/Robot_sample/mbed/TARGET_NUCLEO_F446RE/TOOLCHAIN_GCC_ARM/hal_init_pre.o
LOAD C:/Users/g031q/workspace/Robot_sample/mbed/TARGET_NUCLEO_F446RE/TOOLCHAIN_GCC_ARM/hal_tick_16b.o
LOAD C:/Users/g031q/workspace/Robot_sample/mbed/TARGET_NUCLEO_F446RE/TOOLCHAIN_GCC_ARM/hal_tick_32b.o
LOAD C:/Users/g031q/workspace/Robot_sample/mbed/TARGET_NUCLEO_F446RE/TOOLCHAIN_GCC_ARM/i2c_api.o
LOAD C:/Users/g031q/workspace/Robot_sample/mbed/TARGET_NUCLEO_F446RE/TOOLCHAIN_GCC_ARM/lp_ticker.o
LOAD C:/Users/g031q/workspace/Robot_sample/mbed/TARGET_NUCLEO_F446RE/TOOLCHAIN_GCC_ARM/mbed_board.o
LOAD C:/Users/g031q/workspace/Robot_sample/mbed/TARGET_NUCLEO_F446RE/TOOLCHAIN_GCC_ARM/mbed_overrides.o
LOAD C:/Users/g031q/workspace/Robot_sample/mbed/TARGET_NUCLEO_F446RE/TOOLCHAIN_GCC_ARM/mbed_retarget.o
LOAD C:/Users/g031q/workspace/Robot_sample/mbed/TARGET_NUCLEO_F446RE/TOOLCHAIN_GCC_ARM/mbed_sdk_boot.o
LOAD C:/Users/g031q/workspace/Robot_sample/mbed/TARGET_NUCLEO_F446RE/TOOLCHAIN_GCC_ARM/pinmap.o
LOAD C:/Users/g031q/workspace/Robot_sample/mbed/TARGET_NUCLEO_F446RE/TOOLCHAIN_GCC_ARM/port_api.o
LOAD C:/Users/g031q/workspace/Robot_sample/mbed/TARGET_NUCLEO_F446RE/TOOLCHAIN_GCC_ARM/pwmout_api.o
LOAD C:/Users/g031q/workspace/Robot_sample/mbed/TARGET_NUCLEO_F446RE/TOOLCHAIN_GCC_ARM/pwmout_device.o
LOAD C:/Users/g031q/workspace/Robot_sample/mbed/TARGET_NUCLEO_F446RE/TOOLCHAIN_GCC_ARM/rtc_api.o
LOAD C:/Users/g031q/workspace/Robot_sample/mbed/TARGET_NUCLEO_F446RE/TOOLCHAIN_GCC_ARM/serial_api.o
LOAD C:/Users/g031q/workspace/Robot_sample/mbed/TARGET_NUCLEO_F446RE/TOOLCHAIN_GCC_ARM/serial_device.o
LOAD C:/Users/g031q/workspace/Robot_sample/mbed/TARGET_NUCLEO_F446RE/TOOLCHAIN_GCC_ARM/sleep.o
LOAD C:/Users/g031q/workspace/Robot_sample/mbed/TARGET_NUCLEO_F446RE/TOOLCHAIN_GCC_ARM/spi_api.o
LOAD C:/Users/g031q/workspace/Robot_sample/mbed/TARGET_NUCLEO_F446RE/TOOLCHAIN_GCC_ARM/startup_stm32f446xx.o
LOAD C:/Users/g031q/workspace/Robot_sample/mbed/TARGET_NUCLEO_F446RE/TOOLCHAIN_GCC_ARM/stm32f4xx_hal.o
LOAD C:/Users/g031q/workspace/Robot_sample/mbed/TARGET_NUCLEO_F446RE/TOOLCHAIN_GCC_ARM/stm32f4xx_hal_adc.o
LOAD C:/Users/g031q/workspace/Robot_sample/mbed/TARGET_NUCLEO_F446RE/TOOLCHAIN_GCC_ARM/stm32f4xx_hal_adc_ex.o
LOAD C:/Users/g031q/workspace/Robot_sample/mbed/TARGET_NUCLEO_F446RE/TOOLCHAIN_GCC_ARM/stm32f4xx_hal_can.o
LOAD C:/Users/g031q/workspace/Robot_sample/mbed/TARGET_NUCLEO_F446RE/TOOLCHAIN_GCC_ARM/stm32f4xx_hal_cec.o
LOAD C:/Users/g031q/workspace/Robot_sample/mbed/TARGET_NUCLEO_F446RE/TOOLCHAIN_GCC_ARM/stm32f4xx_hal_cortex.o
LOAD C:/Users/g031q/workspace/Robot_sample/mbed/TARGET_NUCLEO_F446RE/TOOLCHAIN_GCC_ARM/stm32f4xx_hal_crc.o
LOAD C:/Users/g031q/workspace/Robot_sample/mbed/TARGET_NUCLEO_F446RE/TOOLCHAIN_GCC_ARM/stm32f4xx_hal_cryp.o
LOAD C:/Users/g031q/workspace/Robot_sample/mbed/TARGET_NUCLEO_F446RE/TOOLCHAIN_GCC_ARM/stm32f4xx_hal_cryp_ex.o
LOAD C:/Users/g031q/workspace/Robot_sample/mbed/TARGET_NUCLEO_F446RE/TOOLCHAIN_GCC_ARM/stm32f4xx_hal_dac.o
LOAD C:/Users/g031q/workspace/Robot_sample/mbed/TARGET_NUCLEO_F446RE/TOOLCHAIN_GCC_ARM/stm32f4xx_hal_dac_ex.o
LOAD C:/Users/g031q/workspace/Robot_sample/mbed/TARGET_NUCLEO_F446RE/TOOLCHAIN_GCC_ARM/stm32f4xx_hal_dcmi.o
LOAD C:/Users/g031q/workspace/Robot_sample/mbed/TARGET_NUCLEO_F446RE/TOOLCHAIN_GCC_ARM/stm32f4xx_hal_dcmi_ex.o
LOAD C:/Users/g031q/workspace/Robot_sample/mbed/TARGET_NUCLEO_F446RE/TOOLCHAIN_GCC_ARM/stm32f4xx_hal_dfsdm.o
LOAD C:/Users/g031q/workspace/Robot_sample/mbed/TARGET_NUCLEO_F446RE/TOOLCHAIN_GCC_ARM/stm32f4xx_hal_dma.o
LOAD C:/Users/g031q/workspace/Robot_sample/mbed/TARGET_NUCLEO_F446RE/TOOLCHAIN_GCC_ARM/stm32f4xx_hal_dma2d.o
LOAD C:/Users/g031q/workspace/Robot_sample/mbed/TARGET_NUCLEO_F446RE/TOOLCHAIN_GCC_ARM/stm32f4xx_hal_dma_ex.o
LOAD C:/Users/g031q/workspace/Robot_sample/mbed/TARGET_NUCLEO_F446RE/TOOLCHAIN_GCC_ARM/stm32f4xx_hal_dsi.o
LOAD C:/Users/g031q/workspace/Robot_sample/mbed/TARGET_NUCLEO_F446RE/TOOLCHAIN_GCC_ARM/stm32f4xx_hal_eth.o
LOAD C:/Users/g031q/workspace/Robot_sample/mbed/TARGET_NUCLEO_F446RE/TOOLCHAIN_GCC_ARM/stm32f4xx_hal_flash.o
LOAD C:/Users/g031q/workspace/Robot_sample/mbed/TARGET_NUCLEO_F446RE/TOOLCHAIN_GCC_ARM/stm32f4xx_hal_flash_ex.o
LOAD C:/Users/g031q/workspace/Robot_sample/mbed/TARGET_NUCLEO_F446RE/TOOLCHAIN_GCC_ARM/stm32f4xx_hal_flash_ramfunc.o
LOAD C:/Users/g031q/workspace/Robot_sample/mbed/TARGET_NUCLEO_F446RE/TOOLCHAIN_GCC_ARM/stm32f4xx_hal_fmpi2c.o
LOAD C:/Users/g031q/workspace/Robot_sample/mbed/TARGET_NUCLEO_F446RE/TOOLCHAIN_GCC_ARM/stm32f4xx_hal_fmpi2c_ex.o
LOAD C:/Users/g031q/workspace/Robot_sample/mbed/TARGET_NUCLEO_F446RE/TOOLCHAIN_GCC_ARM/stm32f4xx_hal_gpio.o
LOAD C:/Users/g031q/workspace/Robot_sample/mbed/TARGET_NUCLEO_F446RE/TOOLCHAIN_GCC_ARM/stm32f4xx_hal_hash.o
LOAD C:/Users/g031q/workspace/Robot_sample/mbed/TARGET_NUCLEO_F446RE/TOOLCHAIN_GCC_ARM/stm32f4xx_hal_hash_ex.o
LOAD C:/Users/g031q/workspace/Robot_sample/mbed/TARGET_NUCLEO_F446RE/TOOLCHAIN_GCC_ARM/stm32f4xx_hal_hcd.o
LOAD C:/Users/g031q/workspace/Robot_sample/mbed/TARGET_NUCLEO_F446RE/TOOLCHAIN_GCC_ARM/stm32f4xx_hal_i2c.o
LOAD C:/Users/g031q/workspace/Robot_sample/mbed/TARGET_NUCLEO_F446RE/TOOLCHAIN_GCC_ARM/stm32f4xx_hal_i2c_ex.o
LOAD C:/Users/g031q/workspace/Robot_sample/mbed/TARGET_NUCLEO_F446RE/TOOLCHAIN_GCC_ARM/stm32f4xx_hal_i2s.o
LOAD C:/Users/g031q/workspace/Robot_sample/mbed/TARGET_NUCLEO_F446RE/TOOLCHAIN_GCC_ARM/stm32f4xx_hal_i2s_ex.o
LOAD C:/Users/g031q/workspace/Robot_sample/mbed/TARGET_NUCLEO_F446RE/TOOLCHAIN_GCC_ARM/stm32f4xx_hal_irda.o
LOAD C:/Users/g031q/workspace/Robot_sample/mbed/TARGET_NUCLEO_F446RE/TOOLCHAIN_GCC_ARM/stm32f4xx_hal_iwdg.o
LOAD C:/Users/g031q/workspace/Robot_sample/mbed/TARGET_NUCLEO_F446RE/TOOLCHAIN_GCC_ARM/stm32f4xx_hal_lptim.o
LOAD C:/Users/g031q/workspace/Robot_sample/mbed/TARGET_NUCLEO_F446RE/TOOLCHAIN_GCC_ARM/stm32f4xx_hal_ltdc.o
LOAD C:/Users/g031q/workspace/Robot_sample/mbed/TARGET_NUCLEO_F446RE/TOOLCHAIN_GCC_ARM/stm32f4xx_hal_ltdc_ex.o
LOAD C:/Users/g031q/workspace/Robot_sample/mbed/TARGET_NUCLEO_F446RE/TOOLCHAIN_GCC_ARM/stm32f4xx_hal_mmc.o
LOAD C:/Users/g031q/workspace/Robot_sample/mbed/TARGET_NUCLEO_F446RE/TOOLCHAIN_GCC_ARM/stm32f4xx_hal_msp_template.o
LOAD C:/Users/g031q/workspace/Robot_sample/mbed/TARGET_NUCLEO_F446RE/TOOLCHAIN_GCC_ARM/stm32f4xx_hal_nand.o
LOAD C:/Users/g031q/workspace/Robot_sample/mbed/TARGET_NUCLEO_F446RE/TOOLCHAIN_GCC_ARM/stm32f4xx_hal_nor.o
LOAD C:/Users/g031q/workspace/Robot_sample/mbed/TARGET_NUCLEO_F446RE/TOOLCHAIN_GCC_ARM/stm32f4xx_hal_pccard.o
LOAD C:/Users/g031q/workspace/Robot_sample/mbed/TARGET_NUCLEO_F446RE/TOOLCHAIN_GCC_ARM/stm32f4xx_hal_pcd.o
LOAD C:/Users/g031q/workspace/Robot_sample/mbed/TARGET_NUCLEO_F446RE/TOOLCHAIN_GCC_ARM/stm32f4xx_hal_pcd_ex.o
LOAD C:/Users/g031q/workspace/Robot_sample/mbed/TARGET_NUCLEO_F446RE/TOOLCHAIN_GCC_ARM/stm32f4xx_hal_pwr.o
LOAD C:/Users/g031q/workspace/Robot_sample/mbed/TARGET_NUCLEO_F446RE/TOOLCHAIN_GCC_ARM/stm32f4xx_hal_pwr_ex.o
LOAD C:/Users/g031q/workspace/Robot_sample/mbed/TARGET_NUCLEO_F446RE/TOOLCHAIN_GCC_ARM/stm32f4xx_hal_qspi.o
LOAD C:/Users/g031q/workspace/Robot_sample/mbed/TARGET_NUCLEO_F446RE/TOOLCHAIN_GCC_ARM/stm32f4xx_hal_rcc.o
LOAD C:/Users/g031q/workspace/Robot_sample/mbed/TARGET_NUCLEO_F446RE/TOOLCHAIN_GCC_ARM/stm32f4xx_hal_rcc_ex.o
LOAD C:/Users/g031q/workspace/Robot_sample/mbed/TARGET_NUCLEO_F446RE/TOOLCHAIN_GCC_ARM/stm32f4xx_hal_rng.o
LOAD C:/Users/g031q/workspace/Robot_sample/mbed/TARGET_NUCLEO_F446RE/TOOLCHAIN_GCC_ARM/stm32f4xx_hal_rtc.o
LOAD C:/Users/g031q/workspace/Robot_sample/mbed/TARGET_NUCLEO_F446RE/TOOLCHAIN_GCC_ARM/stm32f4xx_hal_rtc_ex.o
LOAD C:/Users/g031q/workspace/Robot_sample/mbed/TARGET_NUCLEO_F446RE/TOOLCHAIN_GCC_ARM/stm32f4xx_hal_sai.o
LOAD C:/Users/g031q/workspace/Robot_sample/mbed/TARGET_NUCLEO_F446RE/TOOLCHAIN_GCC_ARM/stm32f4xx_hal_sai_ex.o
LOAD C:/Users/g031q/workspace/Robot_sample/mbed/TARGET_NUCLEO_F446RE/TOOLCHAIN_GCC_ARM/stm32f4xx_hal_sd.o
LOAD C:/Users/g031q/workspace/Robot_sample/mbed/TARGET_NUCLEO_F446RE/TOOLCHAIN_GCC_ARM/stm32f4xx_hal_sdram.o
LOAD C:/Users/g031q/workspace/Robot_sample/mbed/TARGET_NUCLEO_F446RE/TOOLCHAIN_GCC_ARM/stm32f4xx_hal_smartcard.o
LOAD C:/Users/g031q/workspace/Robot_sample/mbed/TARGET_NUCLEO_F446RE/TOOLCHAIN_GCC_ARM/stm32f4xx_hal_spdifrx.o
LOAD C:/Users/g031q/workspace/Robot_sample/mbed/TARGET_NUCLEO_F446RE/TOOLCHAIN_GCC_ARM/stm32f4xx_hal_spi.o
LOAD C:/Users/g031q/workspace/Robot_sample/mbed/TARGET_NUCLEO_F446RE/TOOLCHAIN_GCC_ARM/stm32f4xx_hal_sram.o
LOAD C:/Users/g031q/workspace/Robot_sample/mbed/TARGET_NUCLEO_F446RE/TOOLCHAIN_GCC_ARM/stm32f4xx_hal_tim.o
LOAD C:/Users/g031q/workspace/Robot_sample/mbed/TARGET_NUCLEO_F446RE/TOOLCHAIN_GCC_ARM/stm32f4xx_hal_tim_ex.o
LOAD C:/Users/g031q/workspace/Robot_sample/mbed/TARGET_NUCLEO_F446RE/TOOLCHAIN_GCC_ARM/stm32f4xx_hal_uart.o
LOAD C:/Users/g031q/workspace/Robot_sample/mbed/TARGET_NUCLEO_F446RE/TOOLCHAIN_GCC_ARM/stm32f4xx_hal_usart.o
LOAD C:/Users/g031q/workspace/Robot_sample/mbed/TARGET_NUCLEO_F446RE/TOOLCHAIN_GCC_ARM/stm32f4xx_hal_wwdg.o
LOAD C:/Users/g031q/workspace/Robot_sample/mbed/TARGET_NUCLEO_F446RE/TOOLCHAIN_GCC_ARM/stm32f4xx_ll_adc.o
LOAD C:/Users/g031q/workspace/Robot_sample/mbed/TARGET_NUCLEO_F446RE/TOOLCHAIN_GCC_ARM/stm32f4xx_ll_crc.o
LOAD C:/Users/g031q/workspace/Robot_sample/mbed/TARGET_NUCLEO_F446RE/TOOLCHAIN_GCC_ARM/stm32f4xx_ll_dac.o
LOAD C:/Users/g031q/workspace/Robot_sample/mbed/TARGET_NUCLEO_F446RE/TOOLCHAIN_GCC_ARM/stm32f4xx_ll_dma.o
LOAD C:/Users/g031q/workspace/Robot_sample/mbed/TARGET_NUCLEO_F446RE/TOOLCHAIN_GCC_ARM/stm32f4xx_ll_dma2d.o
LOAD C:/Users/g031q/workspace/Robot_sample/mbed/TARGET_NUCLEO_F446RE/TOOLCHAIN_GCC_ARM/stm32f4xx_ll_exti.o
LOAD C:/Users/g031q/workspace/Robot_sample/mbed/TARGET_NUCLEO_F446RE/TOOLCHAIN_GCC_ARM/stm32f4xx_ll_fmc.o
LOAD C:/Users/g031q/workspace/Robot_sample/mbed/TARGET_NUCLEO_F446RE/TOOLCHAIN_GCC_ARM/stm32f4xx_ll_fsmc.o
LOAD C:/Users/g031q/workspace/Robot_sample/mbed/TARGET_NUCLEO_F446RE/TOOLCHAIN_GCC_ARM/stm32f4xx_ll_gpio.o
LOAD C:/Users/g031q/workspace/Robot_sample/mbed/TARGET_NUCLEO_F446RE/TOOLCHAIN_GCC_ARM/stm32f4xx_ll_i2c.o
LOAD C:/Users/g031q/workspace/Robot_sample/mbed/TARGET_NUCLEO_F446RE/TOOLCHAIN_GCC_ARM/stm32f4xx_ll_lptim.o
LOAD C:/Users/g031q/workspace/Robot_sample/mbed/TARGET_NUCLEO_F446RE/TOOLCHAIN_GCC_ARM/stm32f4xx_ll_pwr.o
LOAD C:/Users/g031q/workspace/Robot_sample/mbed/TARGET_NUCLEO_F446RE/TOOLCHAIN_GCC_ARM/stm32f4xx_ll_rcc.o
LOAD C:/Users/g031q/workspace/Robot_sample/mbed/TARGET_NUCLEO_F446RE/TOOLCHAIN_GCC_ARM/stm32f4xx_ll_rng.o
LOAD C:/Users/g031q/workspace/Robot_sample/mbed/TARGET_NUCLEO_F446RE/TOOLCHAIN_GCC_ARM/stm32f4xx_ll_rtc.o
LOAD C:/Users/g031q/workspace/Robot_sample/mbed/TARGET_NUCLEO_F446RE/TOOLCHAIN_GCC_ARM/stm32f4xx_ll_sdmmc.o
LOAD C:/Users/g031q/workspace/Robot_sample/mbed/TARGET_NUCLEO_F446RE/TOOLCHAIN_GCC_ARM/stm32f4xx_ll_spi.o
LOAD C:/Users/g031q/workspace/Robot_sample/mbed/TARGET_NUCLEO_F446RE/TOOLCHAIN_GCC_ARM/stm32f4xx_ll_tim.o
LOAD C:/Users/g031q/workspace/Robot_sample/mbed/TARGET_NUCLEO_F446RE/TOOLCHAIN_GCC_ARM/stm32f4xx_ll_usart.o
LOAD C:/Users/g031q/workspace/Robot_sample/mbed/TARGET_NUCLEO_F446RE/TOOLCHAIN_GCC_ARM/stm32f4xx_ll_usb.o
LOAD C:/Users/g031q/workspace/Robot_sample/mbed/TARGET_NUCLEO_F446RE/TOOLCHAIN_GCC_ARM/stm32f4xx_ll_utils.o
LOAD C:/Users/g031q/workspace/Robot_sample/mbed/TARGET_NUCLEO_F446RE/TOOLCHAIN_GCC_ARM/stm_spi_api.o
LOAD C:/Users/g031q/workspace/Robot_sample/mbed/TARGET_NUCLEO_F446RE/TOOLCHAIN_GCC_ARM/system_clock.o
LOAD C:/Users/g031q/workspace/Robot_sample/mbed/TARGET_NUCLEO_F446RE/TOOLCHAIN_GCC_ARM/system_stm32f4xx.o
LOAD C:/Users/g031q/workspace/Robot_sample/mbed/TARGET_NUCLEO_F446RE/TOOLCHAIN_GCC_ARM/trng_api.o
LOAD C:/Users/g031q/workspace/Robot_sample/mbed/TARGET_NUCLEO_F446RE/TOOLCHAIN_GCC_ARM/us_ticker_16b.o
LOAD C:/Users/g031q/workspace/Robot_sample/mbed/TARGET_NUCLEO_F446RE/TOOLCHAIN_GCC_ARM/us_ticker_32b.o
LOAD C:\Users\g031q\workspace\Robot_sample\mbed\TARGET_NUCLEO_F446RE\TOOLCHAIN_GCC_ARM\libmbed.a
LOAD c:/ac6/systemworkbench/plugins/fr.ac6.mcu.externaltools.arm-none.win32_1.16.0.201807130628/tools/compiler/bin/../lib/gcc/arm-none-eabi/7.2.1/../../../../arm-none-eabi/lib/thumb/v7e-m/fpv4-sp/softfp\libm.a
LOAD c:/ac6/systemworkbench/plugins/fr.ac6.mcu.externaltools.arm-none.win32_1.16.0.201807130628/tools/compiler/bin/../lib/gcc/arm-none-eabi/7.2.1/../../../../arm-none-eabi/lib/thumb/v7e-m/fpv4-sp/softfp\libstdc++.a
LOAD c:/ac6/systemworkbench/plugins/fr.ac6.mcu.externaltools.arm-none.win32_1.16.0.201807130628/tools/compiler/bin/../lib/gcc/arm-none-eabi/7.2.1/../../../../arm-none-eabi/lib/thumb/v7e-m/fpv4-sp/softfp\libm.a
LOAD c:/ac6/systemworkbench/plugins/fr.ac6.mcu.externaltools.arm-none.win32_1.16.0.201807130628/tools/compiler/bin/../lib/gcc/arm-none-eabi/7.2.1/../../../../arm-none-eabi/lib/thumb/v7e-m/fpv4-sp/softfp\libc.a
START GROUP
LOAD c:/ac6/systemworkbench/plugins/fr.ac6.mcu.externaltools.arm-none.win32_1.16.0.201807130628/tools/compiler/bin/../lib/gcc/arm-none-eabi/7.2.1/thumb/v7e-m/fpv4-sp/softfp\libgcc.a
LOAD c:/ac6/systemworkbench/plugins/fr.ac6.mcu.externaltools.arm-none.win32_1.16.0.201807130628/tools/compiler/bin/../lib/gcc/arm-none-eabi/7.2.1/../../../../arm-none-eabi/lib/thumb/v7e-m/fpv4-sp/softfp\libc.a
END GROUP
LOAD c:/ac6/systemworkbench/plugins/fr.ac6.mcu.externaltools.arm-none.win32_1.16.0.201807130628/tools/compiler/bin/../lib/gcc/arm-none-eabi/7.2.1/thumb/v7e-m/fpv4-sp/softfp/crtend.o
LOAD c:/ac6/systemworkbench/plugins/fr.ac6.mcu.externaltools.arm-none.win32_1.16.0.201807130628/tools/compiler/bin/../lib/gcc/arm-none-eabi/7.2.1/thumb/v7e-m/fpv4-sp/softfp/crtn.o

.text           0x08000000    0x11854
 *(.isr_vector)
 .isr_vector    0x08000000      0x1c4 C:/Users/g031q/workspace/Robot_sample/mbed/TARGET_NUCLEO_F446RE/TOOLCHAIN_GCC_ARM/startup_stm32f446xx.o
                0x08000000                g_pfnVectors
 *(.text*)
 .text          0x080001c4       0x40 c:/ac6/systemworkbench/plugins/fr.ac6.mcu.externaltools.arm-none.win32_1.16.0.201807130628/tools/compiler/bin/../lib/gcc/arm-none-eabi/7.2.1/thumb/v7e-m/fpv4-sp/softfp/crtbegin.o
 .text          0x08000204       0x74 c:/ac6/systemworkbench/plugins/fr.ac6.mcu.externaltools.arm-none.win32_1.16.0.201807130628/tools/compiler/bin/../lib/gcc/arm-none-eabi/7.2.1/../../../../arm-none-eabi/lib/thumb/v7e-m/fpv4-sp/softfp/crt0.o
                0x08000204                _start
                0x08000204                _mainCRTStartup
 .text.gpio_write
                0x08000278       0x2a BNO055_fusion/BNO055.o
 .text._ZN4mbed10DigitalOutC2E7PinName
                0x080002a2       0x38 BNO055_fusion/BNO055.o
                0x080002a2                mbed::DigitalOut::DigitalOut(PinName)
                0x080002a2                mbed::DigitalOut::DigitalOut(PinName)
 .text._ZN4mbed10DigitalOut5writeEi
                0x080002da       0x1a BNO055_fusion/BNO055.o
                0x080002da                mbed::DigitalOut::write(int)
 .text._ZN4mbed10DigitalOutaSEi
                0x080002f4       0x1a BNO055_fusion/BNO055.o
                0x080002f4                mbed::DigitalOut::operator=(int)
 .text._ZN6BNO055C2ERN4mbed3I2CE7PinName
                0x0800030e       0x44 BNO055_fusion/BNO055.o
                0x0800030e                BNO055::BNO055(mbed::I2C&, PinName)
                0x0800030e                BNO055::BNO055(mbed::I2C&, PinName)
 *fill*         0x08000352        0x2 
 .text._ZN6BNO05516get_Euler_AnglesEP20BNO055_EULER_TypeDef
                0x08000354      0x1c0 BNO055_fusion/BNO055.o
                0x08000354                BNO055::get_Euler_Angles(BNO055_EULER_TypeDef*)
 .text._ZN6BNO05510initializeEv
                0x08000514       0x50 BNO055_fusion/BNO055.o
                0x08000514                BNO055::initialize()
 .text._ZN6BNO05514unit_selectionEv
                0x08000564       0x42 BNO055_fusion/BNO055.o
                0x08000564                BNO055::unit_selection()
 .text._ZN6BNO05511select_pageEh
                0x080005a6       0xb2 BNO055_fusion/BNO055.o
                0x080005a6                BNO055::select_page(unsigned char)
 .text._ZN6BNO0555resetEv
                0x08000658       0x7c BNO055_fusion/BNO055.o
                0x08000658                BNO055::reset()
 .text._ZN6BNO05522set_initial_dt_to_regsEv
                0x080006d4        0xa BNO055_fusion/BNO055.o
                0x080006d4                BNO055::set_initial_dt_to_regs()
 .text._ZN6BNO0558check_idEv
                0x080006de      0x120 BNO055_fusion/BNO055.o
                0x080006de                BNO055::check_id()
 .text._ZN6BNO05518change_fusion_modeEh
                0x080007fe       0xe4 BNO055_fusion/BNO055.o
                0x080007fe                BNO055::change_fusion_mode(unsigned char)
 .text._ZN6BNO05520check_operating_modeEv
                0x080008e2       0x5c BNO055_fusion/BNO055.o
                0x080008e2                BNO055::check_operating_mode()
 .text._ZN13PlatformMutexC2Ev
                0x0800093e       0x16 Ballsensor/Ballsensor.o
                0x0800093e                PlatformMutex::PlatformMutex()
                0x0800093e                PlatformMutex::PlatformMutex()
 .text._ZN13PlatformMutex4lockEv
                0x08000954        0xa Ballsensor/Ballsensor.o
                0x08000954                PlatformMutex::lock()
 .text._ZN13PlatformMutex6unlockEv
                0x0800095e        0xa Ballsensor/Ballsensor.o
                0x0800095e                PlatformMutex::unlock()
 .text._ZnwjPv  0x08000968        0xe Ballsensor/Ballsensor.o
                0x08000968                operator new(unsigned int, void*)
 .text._ZL14singleton_lockv
                0x08000976        0x4 Ballsensor/Ballsensor.o
 .text._ZL16singleton_unlockv
                0x0800097a        0x4 Ballsensor/Ballsensor.o
 *fill*         0x0800097e        0x2 
 .text._ZN4mbed8AnalogInC2E7PinName
                0x08000980       0x3c Ballsensor/Ballsensor.o
                0x08000980                mbed::AnalogIn::AnalogIn(PinName)
                0x08000980                mbed::AnalogIn::AnalogIn(PinName)
 .text._ZN4mbed8AnalogIn4readEv
                0x080009bc       0x34 Ballsensor/Ballsensor.o
                0x080009bc                mbed::AnalogIn::read()
 .text._ZN4mbed8AnalogInD2Ev
                0x080009f0       0x18 Ballsensor/Ballsensor.o
                0x080009f0                mbed::AnalogIn::~AnalogIn()
                0x080009f0                mbed::AnalogIn::~AnalogIn()
 .text._ZN4mbed8AnalogInD0Ev
                0x08000a08       0x1e Ballsensor/Ballsensor.o
                0x08000a08                mbed::AnalogIn::~AnalogIn()
 *fill*         0x08000a26        0x2 
 .text._ZN4mbed8AnalogIn4lockEv
                0x08000a28       0x20 Ballsensor/Ballsensor.o
                0x08000a28                mbed::AnalogIn::lock()
 .text._ZN4mbed8AnalogIn6unlockEv
                0x08000a48       0x20 Ballsensor/Ballsensor.o
                0x08000a48                mbed::AnalogIn::unlock()
 .text._ZN10BallsensorC2E7PinNameS0_
                0x08000a68       0x3a Ballsensor/Ballsensor.o
                0x08000a68                Ballsensor::Ballsensor(PinName, PinName)
                0x08000a68                Ballsensor::Ballsensor(PinName, PinName)
 *fill*         0x08000aa2        0x6 
 .text._ZN10Ballsensor6degreeEv
                0x08000aa8       0x84 Ballsensor/Ballsensor.o
                0x08000aa8                Ballsensor::degree()
 .text._ZN10Ballsensor8distanceEv
                0x08000b2c       0x34 Ballsensor/Ballsensor.o
                0x08000b2c                Ballsensor::distance()
 .text._ZN4mbed11NonCopyableI13PlatformMutexEC2Ev
                0x08000b60        0xc Ballsensor/Ballsensor.o
                0x08000b60                mbed::NonCopyable<PlatformMutex>::NonCopyable()
                0x08000b60                mbed::NonCopyable<PlatformMutex>::NonCopyable()
 .text._ZN12SingletonPtrI13PlatformMutexEptEv
                0x08000b6c       0x16 Ballsensor/Ballsensor.o
                0x08000b6c                SingletonPtr<PlatformMutex>::operator->()
 .text._ZN12SingletonPtrI13PlatformMutexE3getEv
                0x08000b82       0x4a Ballsensor/Ballsensor.o
                0x08000b82                SingletonPtr<PlatformMutex>::get()
 .text._ZN10LinesensorC2E7PinName
                0x08000bcc       0x24 Linesensor/Linesensor.o
                0x08000bcc                Linesensor::Linesensor(PinName)
                0x08000bcc                Linesensor::Linesensor(PinName)
 .text._ZN10Linesensor9directionEv
                0x08000bf0      0x164 Linesensor/Linesensor.o
                0x08000bf0                Linesensor::direction()
 .text._ZSt4fabsf
                0x08000d54       0x16 Motor/Motor.o
                0x08000d54                std::fabs(float)
 .text._ZN4mbed6PwmOutC2E7PinName
                0x08000d6a       0x32 Motor/Motor.o
                0x08000d6a                mbed::PwmOut::PwmOut(PinName)
                0x08000d6a                mbed::PwmOut::PwmOut(PinName)
 .text._ZN4mbed6PwmOut5writeEf
                0x08000d9c       0x28 Motor/Motor.o
                0x08000d9c                mbed::PwmOut::write(float)
 .text._ZN4mbed6PwmOut6periodEf
                0x08000dc4       0x22 Motor/Motor.o
                0x08000dc4                mbed::PwmOut::period(float)
 .text._ZN4mbed6PwmOutaSEf
                0x08000de6       0x1a Motor/Motor.o
                0x08000de6                mbed::PwmOut::operator=(float)
 .text._ZN4mbed6PwmOut15lock_deep_sleepEv
                0x08000e00       0x26 Motor/Motor.o
                0x08000e00                mbed::PwmOut::lock_deep_sleep()
 *fill*         0x08000e26        0x2 
 .text._ZN5MotorC2E7PinNameS0_S0_S0_S0_S0_
                0x08000e28       0xf0 Motor/Motor.o
                0x08000e28                Motor::Motor(PinName, PinName, PinName, PinName, PinName, PinName)
                0x08000e28                Motor::Motor(PinName, PinName, PinName, PinName, PinName, PinName)
 .text._ZN5Motor12setPwmPeriodEf
                0x08000f18       0x56 Motor/Motor.o
                0x08000f18                Motor::setPwmPeriod(float)
 *fill*         0x08000f6e        0x2 
 .text._ZN5Motor8setPowerEfff
                0x08000f70      0x1b8 Motor/Motor.o
                0x08000f70                Motor::setPower(float, float, float)
 .text._ZN5Motor10omniWheelsEiii
                0x08001128      0x328 Motor/Motor.o
                0x08001128                Motor::omniWheels(int, int, int)
 .text.gpio_write
                0x08001450       0x2a Ping/Ping.o
 .text._ZN4mbed12DigitalInOutC2E7PinName
                0x0800147a       0x38 Ping/Ping.o
                0x0800147a                mbed::DigitalInOut::DigitalInOut(PinName)
                0x0800147a                mbed::DigitalInOut::DigitalInOut(PinName)
 .text._ZN4mbed12DigitalInOut5writeEi
                0x080014b2       0x1a Ping/Ping.o
                0x080014b2                mbed::DigitalInOut::write(int)
 .text._ZN4mbed12DigitalInOut6outputEv
                0x080014cc       0x20 Ping/Ping.o
                0x080014cc                mbed::DigitalInOut::output()
 .text._ZN4mbed12DigitalInOut5inputEv
                0x080014ec       0x20 Ping/Ping.o
                0x080014ec                mbed::DigitalInOut::input()
 .text._ZN4PingC2E7PinName
                0x0800150c       0x78 Ping/Ping.o
                0x0800150c                Ping::Ping(PinName)
                0x0800150c                Ping::Ping(PinName)
 .text._ZN4Ping7_StartsEv
                0x08001584       0x3a Ping/Ping.o
                0x08001584                Ping::_Starts()
 .text._ZN4Ping6_StopsEv
                0x080015be       0x38 Ping/Ping.o
                0x080015be                Ping::_Stops()
 .text._ZN4Ping4SendEv
                0x080015f6       0x52 Ping/Ping.o
                0x080015f6                Ping::Send()
 .text._ZN4Ping7Read_cmEv
                0x08001648       0x3c Ping/Ping.o
                0x08001648                Ping::Read_cm()
 .text._ZN4mbed8CallbackIFvvEED2Ev
                0x08001684       0x22 Ping/Ping.o
                0x08001684                mbed::Callback<void ()>::~Callback()
                0x08001684                mbed::Callback<void ()>::~Callback()
 .text._ZN4mbed11InterruptIn4riseI4PingMS2_FvvEEEvPT_T0_
                0x080016a6       0x3c Ping/Ping.o
                0x080016a6                void mbed::InterruptIn::rise<Ping, void (Ping::*)()>(Ping*, void (Ping::*)())
 .text._ZN4mbed11InterruptIn4fallI4PingMS2_FvvEEEvPT_T0_
                0x080016e2       0x3c Ping/Ping.o
                0x080016e2                void mbed::InterruptIn::fall<Ping, void (Ping::*)()>(Ping*, void (Ping::*)())
 .text._ZN4mbed8callbackI4PingS1_vEENS_8CallbackIFT1_vEEEPT0_MT_FS3_vE
                0x0800171e       0x22 Ping/Ping.o
                0x0800171e                mbed::Callback<void ()> mbed::callback<Ping, Ping, void>(Ping*, void (Ping::*)())
 .text._ZN4mbed8CallbackIFvvEEC2I4PingS4_EEPT0_MT_FvvE
                0x08001740       0x2e Ping/Ping.o
                0x08001740                mbed::Callback<void ()>::Callback<Ping, Ping>(Ping*, void (Ping::*)())
                0x08001740                mbed::Callback<void ()>::Callback<Ping, Ping>(Ping*, void (Ping::*)())
 .text._ZN4mbed8CallbackIFvvEE14method_contextI4PingMS4_FvvEEC2EPS4_S6_
                0x0800176e       0x28 Ping/Ping.o
                0x0800176e                mbed::Callback<void ()>::method_context<Ping, void (Ping::*)()>::method_context(Ping*, void (Ping::*)())
                0x0800176e                mbed::Callback<void ()>::method_context<Ping, void (Ping::*)()>::method_context(Ping*, void (Ping::*)())
 *fill*         0x08001796        0x2 
 .text._ZN4mbed8CallbackIFvvEE8generateINS2_14method_contextI4PingMS5_FvvEEEEEvRKT_
                0x08001798       0x3c Ping/Ping.o
                0x08001798                void mbed::Callback<void ()>::generate<mbed::Callback<void ()>::method_context<Ping, void (Ping::*)()> >(mbed::Callback<void ()>::method_context<Ping, void (Ping::*)()> const&)
 .text._ZN4mbed8CallbackIFvvEE13function_callINS2_14method_contextI4PingMS5_FvvEEEEEvPKv
                0x080017d4       0x14 Ping/Ping.o
                0x080017d4                void mbed::Callback<void ()>::function_call<mbed::Callback<void ()>::method_context<Ping, void (Ping::*)()> >(void const*)
 .text._ZN4mbed8CallbackIFvvEE13function_moveINS2_14method_contextI4PingMS5_FvvEEEEEvPvPKv
                0x080017e8       0x28 Ping/Ping.o
                0x080017e8                void mbed::Callback<void ()>::function_move<mbed::Callback<void ()>::method_context<Ping, void (Ping::*)()> >(void*, void const*)
 .text._ZN4mbed8CallbackIFvvEE13function_dtorINS2_14method_contextI4PingMS5_FvvEEEEEvPv
                0x08001810        0xa Ping/Ping.o
                0x08001810                void mbed::Callback<void ()>::function_dtor<mbed::Callback<void ()>::method_context<Ping, void (Ping::*)()> >(void*)
 .text._ZNK4mbed8CallbackIFvvEE14method_contextI4PingMS4_FvvEEclEv
                0x0800181a       0x46 Ping/Ping.o
                0x0800181a                mbed::Callback<void ()>::method_context<Ping, void (Ping::*)()>::operator()() const
 .text.gpio_read
                0x08001860       0x20 main.o
 .text._ZSt4asinf
                0x08001880       0x16 main.o
                0x08001880                std::asin(float)
 .text._ZN4mbed9DigitalInC2E7PinName
                0x08001896       0x38 main.o
                0x08001896                mbed::DigitalIn::DigitalIn(PinName)
                0x08001896                mbed::DigitalIn::DigitalIn(PinName)
 .text._ZN4mbed9DigitalIn4readEv
                0x080018ce       0x18 main.o
                0x080018ce                mbed::DigitalIn::read()
 .text._ZN4mbed9DigitalIncviEv
                0x080018e6       0x16 main.o
                0x080018e6                mbed::DigitalIn::operator int()
 .text._ZN13PlatformMutexD2Ev
                0x080018fc       0x16 main.o
                0x080018fc                PlatformMutex::~PlatformMutex()
                0x080018fc                PlatformMutex::~PlatformMutex()
 .text._ZN4mbed6PwmOutD2Ev
                0x08001912       0x1e main.o
                0x08001912                mbed::PwmOut::~PwmOut()
                0x08001912                mbed::PwmOut::~PwmOut()
 .text._ZN4mbed6PwmOut17unlock_deep_sleepEv
                0x08001930       0x20 main.o
                0x08001930                mbed::PwmOut::unlock_deep_sleep()
 .text._ZN4mbed6Serial8readableEv
                0x08001950       0x22 main.o
                0x08001950                mbed::Serial::readable()
 *fill*         0x08001972        0x2 
 .text._ZN4mbed3I2CD2Ev
                0x08001974       0x34 main.o
                0x08001974                mbed::I2C::~I2C()
                0x08001974                mbed::I2C::~I2C()
 .text._ZN4mbed3I2CD0Ev
                0x080019a8       0x1e main.o
                0x080019a8                mbed::I2C::~I2C()
 *fill*         0x080019c6        0x2 
 .text._Z7balldegii
                0x080019c8      0x188 main.o
                0x080019c8                balldeg(int, int)
 .text.main     0x08001b50      0x33c main.o
                0x08001b50                main
 .text._ZN4mbed11NonCopyableI13PlatformMutexED2Ev
                0x08001e8c        0xc main.o
                0x08001e8c                mbed::NonCopyable<PlatformMutex>::~NonCopyable()
                0x08001e8c                mbed::NonCopyable<PlatformMutex>::~NonCopyable()
 .text._ZN4mbed8CallbackIFviEED2Ev
                0x08001e98       0x22 main.o
                0x08001e98                mbed::Callback<void (int)>::~Callback()
                0x08001e98                mbed::Callback<void (int)>::~Callback()
 .text._ZN4mbed11NonCopyableINS_3I2CEED2Ev
                0x08001eba        0xc main.o
                0x08001eba                mbed::NonCopyable<mbed::I2C>::~NonCopyable()
                0x08001eba                mbed::NonCopyable<mbed::I2C>::~NonCopyable()
 .text._ZN6CThunkIN4mbed3I2CEED2Ev
                0x08001ec6        0xc main.o
                0x08001ec6                CThunk<mbed::I2C>::~CThunk()
                0x08001ec6                CThunk<mbed::I2C>::~CThunk()
 *fill*         0x08001ed2        0x2 
 .text._ZN4mbed6SerialD2Ev
                0x08001ed4       0x60 main.o
                0x08001ed4                mbed::Serial::~Serial()
                0x08001ed4                mbed::Serial::~Serial()
                0x08001f28                non-virtual thunk to mbed::Serial::~Serial()
                0x08001f2e                non-virtual thunk to mbed::Serial::~Serial()
 .text._ZN4mbed6SerialD0Ev
                0x08001f34       0x2a main.o
                0x08001f34                mbed::Serial::~Serial()
                0x08001f52                non-virtual thunk to mbed::Serial::~Serial()
                0x08001f58                non-virtual thunk to mbed::Serial::~Serial()
 .text._ZN4PingD2Ev
                0x08001f5e       0x22 main.o
                0x08001f5e                Ping::~Ping()
                0x08001f5e                Ping::~Ping()
 .text._ZN10BallsensorD2Ev
                0x08001f80       0x22 main.o
                0x08001f80                Ballsensor::~Ballsensor()
                0x08001f80                Ballsensor::~Ballsensor()
 .text._ZN10LinesensorD2Ev
                0x08001fa2       0x18 main.o
                0x08001fa2                Linesensor::~Linesensor()
                0x08001fa2                Linesensor::~Linesensor()
 .text._ZN5MotorD2Ev
                0x08001fba       0x4a main.o
                0x08001fba                Motor::~Motor()
                0x08001fba                Motor::~Motor()
 .text._Z41__static_initialization_and_destruction_0ii
                0x08002004      0x158 main.o
 .text._ZN4mbed11NonCopyableINS_6SerialEED2Ev
                0x0800215c        0xc main.o
                0x0800215c                mbed::NonCopyable<mbed::Serial>::~NonCopyable()
                0x0800215c                mbed::NonCopyable<mbed::Serial>::~NonCopyable()
 .text._GLOBAL__sub_I_pc
                0x08002168        0xe main.o
 *fill*         0x08002176        0x2 
 .text.adc_read
                0x08002178       0xb8 C:/Users/g031q/workspace/Robot_sample/mbed/TARGET_NUCLEO_F446RE/TOOLCHAIN_GCC_ARM/analogin_api.o
 .text.analogin_init
                0x08002230      0x144 C:/Users/g031q/workspace/Robot_sample/mbed/TARGET_NUCLEO_F446RE/TOOLCHAIN_GCC_ARM/analogin_api.o
                0x08002230                analogin_init
 .text.analogin_read
                0x08002374       0x20 C:/Users/g031q/workspace/Robot_sample/mbed/TARGET_NUCLEO_F446RE/TOOLCHAIN_GCC_ARM/analogin_api.o
                0x08002374                analogin_read
 .text.can_irq  0x08002394       0xf4 C:/Users/g031q/workspace/Robot_sample/mbed/TARGET_NUCLEO_F446RE/TOOLCHAIN_GCC_ARM/can_api.o
 .text.CAN1_SCE_IRQHandler
                0x08002488        0xc C:/Users/g031q/workspace/Robot_sample/mbed/TARGET_NUCLEO_F446RE/TOOLCHAIN_GCC_ARM/can_api.o
                0x08002488                CAN1_SCE_IRQHandler
 .text.CAN1_TX_IRQHandler
                0x08002494        0x4 C:/Users/g031q/workspace/Robot_sample/mbed/TARGET_NUCLEO_F446RE/TOOLCHAIN_GCC_ARM/can_api.o
                0x08002494                CAN1_TX_IRQHandler
 .text.CAN1_RX0_IRQHandler
                0x08002498        0x4 C:/Users/g031q/workspace/Robot_sample/mbed/TARGET_NUCLEO_F446RE/TOOLCHAIN_GCC_ARM/can_api.o
                0x08002498                CAN1_RX0_IRQHandler
 .text.CAN2_SCE_IRQHandler
                0x0800249c        0xc C:/Users/g031q/workspace/Robot_sample/mbed/TARGET_NUCLEO_F446RE/TOOLCHAIN_GCC_ARM/can_api.o
                0x0800249c                CAN2_SCE_IRQHandler
 .text.CAN2_TX_IRQHandler
                0x080024a8        0x4 C:/Users/g031q/workspace/Robot_sample/mbed/TARGET_NUCLEO_F446RE/TOOLCHAIN_GCC_ARM/can_api.o
                0x080024a8                CAN2_TX_IRQHandler
 .text.CAN2_RX0_IRQHandler
                0x080024ac        0x4 C:/Users/g031q/workspace/Robot_sample/mbed/TARGET_NUCLEO_F446RE/TOOLCHAIN_GCC_ARM/can_api.o
                0x080024ac                CAN2_RX0_IRQHandler
 .text.Set_GPIO_Clock
                0x080024b0      0x11c C:/Users/g031q/workspace/Robot_sample/mbed/TARGET_NUCLEO_F446RE/TOOLCHAIN_GCC_ARM/gpio_api.o
                0x080024b0                Set_GPIO_Clock
 .text.gpio_set
                0x080025cc       0x2c C:/Users/g031q/workspace/Robot_sample/mbed/TARGET_NUCLEO_F446RE/TOOLCHAIN_GCC_ARM/gpio_api.o
                0x080025cc                gpio_set
 .text.gpio_init
                0x080025f8       0x40 C:/Users/g031q/workspace/Robot_sample/mbed/TARGET_NUCLEO_F446RE/TOOLCHAIN_GCC_ARM/gpio_api.o
                0x080025f8                gpio_init
 .text.gpio_mode
                0x08002638        0x8 C:/Users/g031q/workspace/Robot_sample/mbed/TARGET_NUCLEO_F446RE/TOOLCHAIN_GCC_ARM/gpio_api.o
                0x08002638                gpio_mode
 .text.gpio_dir
                0x08002640       0x52 C:/Users/g031q/workspace/Robot_sample/mbed/TARGET_NUCLEO_F446RE/TOOLCHAIN_GCC_ARM/gpio_api.o
                0x08002640                gpio_dir
 *fill*         0x08002692        0x2 
 .text.handle_interrupt_in
                0x08002694       0x78 C:/Users/g031q/workspace/Robot_sample/mbed/TARGET_NUCLEO_F446RE/TOOLCHAIN_GCC_ARM/gpio_irq_api.o
 .text.gpio_irq6
                0x0800270c        0x8 C:/Users/g031q/workspace/Robot_sample/mbed/TARGET_NUCLEO_F446RE/TOOLCHAIN_GCC_ARM/gpio_irq_api.o
 .text.gpio_irq5
                0x08002714        0x8 C:/Users/g031q/workspace/Robot_sample/mbed/TARGET_NUCLEO_F446RE/TOOLCHAIN_GCC_ARM/gpio_irq_api.o
 .text.gpio_irq4
                0x0800271c        0x8 C:/Users/g031q/workspace/Robot_sample/mbed/TARGET_NUCLEO_F446RE/TOOLCHAIN_GCC_ARM/gpio_irq_api.o
 .text.gpio_irq3
                0x08002724        0x8 C:/Users/g031q/workspace/Robot_sample/mbed/TARGET_NUCLEO_F446RE/TOOLCHAIN_GCC_ARM/gpio_irq_api.o
 .text.gpio_irq2
                0x0800272c        0x8 C:/Users/g031q/workspace/Robot_sample/mbed/TARGET_NUCLEO_F446RE/TOOLCHAIN_GCC_ARM/gpio_irq_api.o
 .text.gpio_irq1
                0x08002734        0x8 C:/Users/g031q/workspace/Robot_sample/mbed/TARGET_NUCLEO_F446RE/TOOLCHAIN_GCC_ARM/gpio_irq_api.o
 .text.gpio_irq0
                0x0800273c        0x8 C:/Users/g031q/workspace/Robot_sample/mbed/TARGET_NUCLEO_F446RE/TOOLCHAIN_GCC_ARM/gpio_irq_api.o
 .text.gpio_irq_set
                0x08002744       0x78 C:/Users/g031q/workspace/Robot_sample/mbed/TARGET_NUCLEO_F446RE/TOOLCHAIN_GCC_ARM/gpio_irq_api.o
                0x08002744                gpio_irq_set
 .text.gpio_irq_enable
                0x080027bc       0x78 C:/Users/g031q/workspace/Robot_sample/mbed/TARGET_NUCLEO_F446RE/TOOLCHAIN_GCC_ARM/gpio_irq_api.o
                0x080027bc                gpio_irq_enable
 .text.gpio_irq_init
                0x08002834      0x118 C:/Users/g031q/workspace/Robot_sample/mbed/TARGET_NUCLEO_F446RE/TOOLCHAIN_GCC_ARM/gpio_irq_api.o
                0x08002834                gpio_irq_init
 .text.gpio_irq_disable
                0x0800294c       0x6c C:/Users/g031q/workspace/Robot_sample/mbed/TARGET_NUCLEO_F446RE/TOOLCHAIN_GCC_ARM/gpio_irq_api.o
                0x0800294c                gpio_irq_disable
 .text.gpio_irq_free
                0x080029b8       0x54 C:/Users/g031q/workspace/Robot_sample/mbed/TARGET_NUCLEO_F446RE/TOOLCHAIN_GCC_ARM/gpio_irq_api.o
                0x080029b8                gpio_irq_free
 .text.timer_irq_handler
                0x08002a0c       0x58 C:/Users/g031q/workspace/Robot_sample/mbed/TARGET_NUCLEO_F446RE/TOOLCHAIN_GCC_ARM/hal_tick_32b.o
                0x08002a0c                timer_irq_handler
 .text.HAL_InitTick
                0x08002a64       0xc8 C:/Users/g031q/workspace/Robot_sample/mbed/TARGET_NUCLEO_F446RE/TOOLCHAIN_GCC_ARM/hal_tick_32b.o
                0x08002a64                HAL_InitTick
 .text.i2c5_irq
                0x08002b2c       0x1c C:/Users/g031q/workspace/Robot_sample/mbed/TARGET_NUCLEO_F446RE/TOOLCHAIN_GCC_ARM/i2c_api.o
 .text.i2c3_irq
                0x08002b48       0x1c C:/Users/g031q/workspace/Robot_sample/mbed/TARGET_NUCLEO_F446RE/TOOLCHAIN_GCC_ARM/i2c_api.o
 .text.i2c2_irq
                0x08002b64       0x1c C:/Users/g031q/workspace/Robot_sample/mbed/TARGET_NUCLEO_F446RE/TOOLCHAIN_GCC_ARM/i2c_api.o
 .text.i2c1_irq
                0x08002b80       0x1c C:/Users/g031q/workspace/Robot_sample/mbed/TARGET_NUCLEO_F446RE/TOOLCHAIN_GCC_ARM/i2c_api.o
 .text.i2c_ev_err_enable
                0x08002b9c       0xa8 C:/Users/g031q/workspace/Robot_sample/mbed/TARGET_NUCLEO_F446RE/TOOLCHAIN_GCC_ARM/i2c_api.o
                0x08002b9c                i2c_ev_err_enable
 .text.i2c_ev_err_disable
                0x08002c44       0x18 C:/Users/g031q/workspace/Robot_sample/mbed/TARGET_NUCLEO_F446RE/TOOLCHAIN_GCC_ARM/i2c_api.o
                0x08002c44                i2c_ev_err_disable
 .text.i2c_get_irq_handler
                0x08002c5c       0x44 C:/Users/g031q/workspace/Robot_sample/mbed/TARGET_NUCLEO_F446RE/TOOLCHAIN_GCC_ARM/i2c_api.o
                0x08002c5c                i2c_get_irq_handler
 .text.i2c_hw_reset
                0x08002ca0       0x98 C:/Users/g031q/workspace/Robot_sample/mbed/TARGET_NUCLEO_F446RE/TOOLCHAIN_GCC_ARM/i2c_api.o
                0x08002ca0                i2c_hw_reset
 .text.i2c_frequency
                0x08002d38       0x50 C:/Users/g031q/workspace/Robot_sample/mbed/TARGET_NUCLEO_F446RE/TOOLCHAIN_GCC_ARM/i2c_api.o
                0x08002d38                i2c_frequency
 .text.i2c_init
                0x08002d88      0x1e0 C:/Users/g031q/workspace/Robot_sample/mbed/TARGET_NUCLEO_F446RE/TOOLCHAIN_GCC_ARM/i2c_api.o
                0x08002d88                i2c_init
 .text.i2c_stop
                0x08002f68       0x24 C:/Users/g031q/workspace/Robot_sample/mbed/TARGET_NUCLEO_F446RE/TOOLCHAIN_GCC_ARM/i2c_api.o
                0x08002f68                i2c_stop
 .text.i2c_read
                0x08002f8c       0xbc C:/Users/g031q/workspace/Robot_sample/mbed/TARGET_NUCLEO_F446RE/TOOLCHAIN_GCC_ARM/i2c_api.o
                0x08002f8c                i2c_read
 .text.i2c_write
                0x08003048       0xbc C:/Users/g031q/workspace/Robot_sample/mbed/TARGET_NUCLEO_F446RE/TOOLCHAIN_GCC_ARM/i2c_api.o
                0x08003048                i2c_write
 .text.HAL_I2C_MasterTxCpltCallback
                0x08003104       0x3e C:/Users/g031q/workspace/Robot_sample/mbed/TARGET_NUCLEO_F446RE/TOOLCHAIN_GCC_ARM/i2c_api.o
                0x08003104                HAL_I2C_MasterTxCpltCallback
 .text.HAL_I2C_MasterRxCpltCallback
                0x08003142        0x8 C:/Users/g031q/workspace/Robot_sample/mbed/TARGET_NUCLEO_F446RE/TOOLCHAIN_GCC_ARM/i2c_api.o
                0x08003142                HAL_I2C_MasterRxCpltCallback
 .text.i2c_slave_address
                0x0800314a       0x26 C:/Users/g031q/workspace/Robot_sample/mbed/TARGET_NUCLEO_F446RE/TOOLCHAIN_GCC_ARM/i2c_api.o
                0x0800314a                i2c_slave_address
 .text.HAL_I2C_ErrorCallback
                0x08003170       0x38 C:/Users/g031q/workspace/Robot_sample/mbed/TARGET_NUCLEO_F446RE/TOOLCHAIN_GCC_ARM/i2c_api.o
                0x08003170                HAL_I2C_ErrorCallback
 .text.HAL_I2C_AddrCallback
                0x080031a8       0x14 C:/Users/g031q/workspace/Robot_sample/mbed/TARGET_NUCLEO_F446RE/TOOLCHAIN_GCC_ARM/i2c_api.o
                0x080031a8                HAL_I2C_AddrCallback
 .text.HAL_I2C_SlaveTxCpltCallback
                0x080031bc        0x8 C:/Users/g031q/workspace/Robot_sample/mbed/TARGET_NUCLEO_F446RE/TOOLCHAIN_GCC_ARM/i2c_api.o
                0x080031bc                HAL_I2C_SlaveTxCpltCallback
 .text.HAL_I2C_SlaveRxCpltCallback
                0x080031c4        0x8 C:/Users/g031q/workspace/Robot_sample/mbed/TARGET_NUCLEO_F446RE/TOOLCHAIN_GCC_ARM/i2c_api.o
                0x080031c4                HAL_I2C_SlaveRxCpltCallback
 .text.HAL_I2C_ListenCpltCallback
                0x080031cc        0x4 C:/Users/g031q/workspace/Robot_sample/mbed/TARGET_NUCLEO_F446RE/TOOLCHAIN_GCC_ARM/i2c_api.o
                0x080031cc                HAL_I2C_ListenCpltCallback
 .text.HAL_I2C_AbortCpltCallback
                0x080031d0       0x1c C:/Users/g031q/workspace/Robot_sample/mbed/TARGET_NUCLEO_F446RE/TOOLCHAIN_GCC_ARM/i2c_api.o
                0x080031d0                HAL_I2C_AbortCpltCallback
 .text.mbed_die
                0x080031ec       0x56 C:/Users/g031q/workspace/Robot_sample/mbed/TARGET_NUCLEO_F446RE/TOOLCHAIN_GCC_ARM/mbed_board.o
                0x080031ec                mbed_die
 *fill*         0x08003242        0x2 
 .text.mbed_error_vfprintf
                0x08003244       0x54 C:/Users/g031q/workspace/Robot_sample/mbed/TARGET_NUCLEO_F446RE/TOOLCHAIN_GCC_ARM/mbed_board.o
                0x08003244                mbed_error_vfprintf
 .text.mbed_error_printf
                0x08003298       0x1a C:/Users/g031q/workspace/Robot_sample/mbed/TARGET_NUCLEO_F446RE/TOOLCHAIN_GCC_ARM/mbed_board.o
                0x08003298                mbed_error_printf
 .text.mbed_sdk_init
                0x080032b2       0x16 C:/Users/g031q/workspace/Robot_sample/mbed/TARGET_NUCLEO_F446RE/TOOLCHAIN_GCC_ARM/mbed_overrides.o
                0x080032b2                mbed_sdk_init
 .text._ZL11init_serialv
                0x080032c8       0x2c C:/Users/g031q/workspace/Robot_sample/mbed/TARGET_NUCLEO_F446RE/TOOLCHAIN_GCC_ARM/mbed_retarget.o
 .text._close   0x080032f4       0x40 C:/Users/g031q/workspace/Robot_sample/mbed/TARGET_NUCLEO_F446RE/TOOLCHAIN_GCC_ARM/mbed_retarget.o
                0x080032f4                _close
 .text._write   0x08003334       0x64 C:/Users/g031q/workspace/Robot_sample/mbed/TARGET_NUCLEO_F446RE/TOOLCHAIN_GCC_ARM/mbed_retarget.o
                0x08003334                _write
 .text._read    0x08003398       0x58 C:/Users/g031q/workspace/Robot_sample/mbed/TARGET_NUCLEO_F446RE/TOOLCHAIN_GCC_ARM/mbed_retarget.o
                0x08003398                _read
 .text._isatty  0x080033f0       0x3c C:/Users/g031q/workspace/Robot_sample/mbed/TARGET_NUCLEO_F446RE/TOOLCHAIN_GCC_ARM/mbed_retarget.o
                0x080033f0                _isatty
 .text._lseek   0x0800342c       0x44 C:/Users/g031q/workspace/Robot_sample/mbed/TARGET_NUCLEO_F446RE/TOOLCHAIN_GCC_ARM/mbed_retarget.o
                0x0800342c                _lseek
 .text._fstat   0x08003470       0x50 C:/Users/g031q/workspace/Robot_sample/mbed/TARGET_NUCLEO_F446RE/TOOLCHAIN_GCC_ARM/mbed_retarget.o
                0x08003470                _fstat
 .text.__cxa_pure_virtual
                0x080034c0        0x8 C:/Users/g031q/workspace/Robot_sample/mbed/TARGET_NUCLEO_F446RE/TOOLCHAIN_GCC_ARM/mbed_retarget.o
                0x080034c0                __cxa_pure_virtual
 .text._sbrk    0x080034c8       0x44 C:/Users/g031q/workspace/Robot_sample/mbed/TARGET_NUCLEO_F446RE/TOOLCHAIN_GCC_ARM/mbed_retarget.o
                0x080034c8                _sbrk
 .text._exit    0x0800350c       0x24 C:/Users/g031q/workspace/Robot_sample/mbed/TARGET_NUCLEO_F446RE/TOOLCHAIN_GCC_ARM/mbed_retarget.o
                0x0800350c                _exit
 .text.__aeabi_atexit
                0x08003530        0x4 C:/Users/g031q/workspace/Robot_sample/mbed/TARGET_NUCLEO_F446RE/TOOLCHAIN_GCC_ARM/mbed_retarget.o
                0x08003530                __aeabi_atexit
 .text.__wrap_exit
                0x08003534        0x6 C:/Users/g031q/workspace/Robot_sample/mbed/TARGET_NUCLEO_F446RE/TOOLCHAIN_GCC_ARM/mbed_retarget.o
                0x08003534                __wrap_exit
 .text.__wrap_atexit
                0x0800353a        0x4 C:/Users/g031q/workspace/Robot_sample/mbed/TARGET_NUCLEO_F446RE/TOOLCHAIN_GCC_ARM/mbed_retarget.o
                0x0800353a                __wrap_atexit
 .text._ZN4mbed26mbed_set_unbuffered_streamEP7__sFILE
                0x0800353e        0x6 C:/Users/g031q/workspace/Robot_sample/mbed/TARGET_NUCLEO_F446RE/TOOLCHAIN_GCC_ARM/mbed_retarget.o
                0x0800353e                mbed::mbed_set_unbuffered_stream(__sFILE*)
 .text._ZN4mbed11mbed_fdopenEPNS_10FileHandleEPKc
                0x08003544       0x3c C:/Users/g031q/workspace/Robot_sample/mbed/TARGET_NUCLEO_F446RE/TOOLCHAIN_GCC_ARM/mbed_retarget.o
                0x08003544                mbed::mbed_fdopen(mbed::FileHandle*, char const*)
 .text._ZN4mbed9mbed_getcEP7__sFILE
                0x08003580        0x4 C:/Users/g031q/workspace/Robot_sample/mbed/TARGET_NUCLEO_F446RE/TOOLCHAIN_GCC_ARM/mbed_retarget.o
                0x08003580                mbed::mbed_getc(__sFILE*)
 .text.__rtos_malloc_lock
                0x08003584        0x2 C:/Users/g031q/workspace/Robot_sample/mbed/TARGET_NUCLEO_F446RE/TOOLCHAIN_GCC_ARM/mbed_retarget.o
                0x08003584                __rtos_malloc_lock
 .text.__rtos_malloc_unlock
                0x08003586        0x2 C:/Users/g031q/workspace/Robot_sample/mbed/TARGET_NUCLEO_F446RE/TOOLCHAIN_GCC_ARM/mbed_retarget.o
                0x08003586                __rtos_malloc_unlock
 .text.__malloc_lock
                0x08003588        0x8 C:/Users/g031q/workspace/Robot_sample/mbed/TARGET_NUCLEO_F446RE/TOOLCHAIN_GCC_ARM/mbed_retarget.o
                0x08003588                __malloc_lock
 .text.__malloc_unlock
                0x08003590        0x8 C:/Users/g031q/workspace/Robot_sample/mbed/TARGET_NUCLEO_F446RE/TOOLCHAIN_GCC_ARM/mbed_retarget.o
                0x08003590                __malloc_unlock
 .text._ZdaPv   0x08003598        0x8 C:/Users/g031q/workspace/Robot_sample/mbed/TARGET_NUCLEO_F446RE/TOOLCHAIN_GCC_ARM/mbed_retarget.o
                0x08003598                operator delete[](void*)
 .text._ZdlPv   0x080035a0        0x4 C:/Users/g031q/workspace/Robot_sample/mbed/TARGET_NUCLEO_F446RE/TOOLCHAIN_GCC_ARM/mbed_retarget.o
                0x080035a0                operator delete(void*)
 .text._ZN4mbed17remove_filehandleEPNS_10FileHandleE
                0x080035a4       0x34 C:/Users/g031q/workspace/Robot_sample/mbed/TARGET_NUCLEO_F446RE/TOOLCHAIN_GCC_ARM/mbed_retarget.o
                0x080035a4                mbed::remove_filehandle(mbed::FileHandle*)
 .text._open    0x080035d8      0x11c C:/Users/g031q/workspace/Robot_sample/mbed/TARGET_NUCLEO_F446RE/TOOLCHAIN_GCC_ARM/mbed_retarget.o
                0x080035d8                _open
 .text.mbed_main
                0x080036f4        0x2 C:/Users/g031q/workspace/Robot_sample/mbed/TARGET_NUCLEO_F446RE/TOOLCHAIN_GCC_ARM/mbed_sdk_boot.o
                0x080036f4                mbed_main
 .text.software_init_hook_rtos
                0x080036f6        0x2 C:/Users/g031q/workspace/Robot_sample/mbed/TARGET_NUCLEO_F446RE/TOOLCHAIN_GCC_ARM/mbed_sdk_boot.o
                0x080036f6                software_init_hook_rtos
 .text.mbed_copy_nvic
                0x080036f8       0x2c C:/Users/g031q/workspace/Robot_sample/mbed/TARGET_NUCLEO_F446RE/TOOLCHAIN_GCC_ARM/mbed_sdk_boot.o
                0x080036f8                mbed_copy_nvic
 .text.software_init_hook
                0x08003724       0x10 C:/Users/g031q/workspace/Robot_sample/mbed/TARGET_NUCLEO_F446RE/TOOLCHAIN_GCC_ARM/mbed_sdk_boot.o
                0x08003724                software_init_hook
 .text.__wrap_main
                0x08003734        0xe C:/Users/g031q/workspace/Robot_sample/mbed/TARGET_NUCLEO_F446RE/TOOLCHAIN_GCC_ARM/mbed_sdk_boot.o
                0x08003734                __wrap_main
 .text.LL_GPIO_SetPinPull
                0x08003742       0x2c C:/Users/g031q/workspace/Robot_sample/mbed/TARGET_NUCLEO_F446RE/TOOLCHAIN_GCC_ARM/pinmap.o
 .text.stm_pin_PullConfig
                0x0800376e        0xe C:/Users/g031q/workspace/Robot_sample/mbed/TARGET_NUCLEO_F446RE/TOOLCHAIN_GCC_ARM/pinmap.o
 .text.pin_function
                0x0800377c      0x130 C:/Users/g031q/workspace/Robot_sample/mbed/TARGET_NUCLEO_F446RE/TOOLCHAIN_GCC_ARM/pinmap.o
                0x0800377c                pin_function
 .text.pin_mode
                0x080038ac       0x88 C:/Users/g031q/workspace/Robot_sample/mbed/TARGET_NUCLEO_F446RE/TOOLCHAIN_GCC_ARM/pinmap.o
                0x080038ac                pin_mode
 .text.pwmout_write
                0x08003934       0xb4 C:/Users/g031q/workspace/Robot_sample/mbed/TARGET_NUCLEO_F446RE/TOOLCHAIN_GCC_ARM/pwmout_api.o
                0x08003934                pwmout_write
 .text.pwmout_read
                0x080039e8       0x3c C:/Users/g031q/workspace/Robot_sample/mbed/TARGET_NUCLEO_F446RE/TOOLCHAIN_GCC_ARM/pwmout_api.o
                0x080039e8                pwmout_read
 .text.pwmout_period_us
                0x08003a24      0x144 C:/Users/g031q/workspace/Robot_sample/mbed/TARGET_NUCLEO_F446RE/TOOLCHAIN_GCC_ARM/pwmout_api.o
                0x08003a24                pwmout_period_us
 .text.pwmout_init
                0x08003b68      0x218 C:/Users/g031q/workspace/Robot_sample/mbed/TARGET_NUCLEO_F446RE/TOOLCHAIN_GCC_ARM/pwmout_api.o
                0x08003b68                pwmout_init
 .text.pwmout_period
                0x08003d80       0x1c C:/Users/g031q/workspace/Robot_sample/mbed/TARGET_NUCLEO_F446RE/TOOLCHAIN_GCC_ARM/pwmout_api.o
                0x08003d80                pwmout_period
 .text.init_uart
                0x08003d9c       0x64 C:/Users/g031q/workspace/Robot_sample/mbed/TARGET_NUCLEO_F446RE/TOOLCHAIN_GCC_ARM/serial_api.o
                0x08003d9c                init_uart
 .text.serial_readable
                0x08003e00       0x2c C:/Users/g031q/workspace/Robot_sample/mbed/TARGET_NUCLEO_F446RE/TOOLCHAIN_GCC_ARM/serial_api.o
                0x08003e00                serial_readable
 .text.serial_writable
                0x08003e2c       0x14 C:/Users/g031q/workspace/Robot_sample/mbed/TARGET_NUCLEO_F446RE/TOOLCHAIN_GCC_ARM/serial_api.o
                0x08003e2c                serial_writable
 .text.__NVIC_EnableIRQ
                0x08003e40       0x1c C:/Users/g031q/workspace/Robot_sample/mbed/TARGET_NUCLEO_F446RE/TOOLCHAIN_GCC_ARM/serial_device.o
 .text.__NVIC_DisableIRQ
                0x08003e5c       0x28 C:/Users/g031q/workspace/Robot_sample/mbed/TARGET_NUCLEO_F446RE/TOOLCHAIN_GCC_ARM/serial_device.o
 .text.uart_irq
                0x08003e84       0x64 C:/Users/g031q/workspace/Robot_sample/mbed/TARGET_NUCLEO_F446RE/TOOLCHAIN_GCC_ARM/serial_device.o
 .text.uart1_irq
                0x08003ee8        0x6 C:/Users/g031q/workspace/Robot_sample/mbed/TARGET_NUCLEO_F446RE/TOOLCHAIN_GCC_ARM/serial_device.o
 .text.uart2_irq
                0x08003eee        0x6 C:/Users/g031q/workspace/Robot_sample/mbed/TARGET_NUCLEO_F446RE/TOOLCHAIN_GCC_ARM/serial_device.o
 .text.uart3_irq
                0x08003ef4        0x6 C:/Users/g031q/workspace/Robot_sample/mbed/TARGET_NUCLEO_F446RE/TOOLCHAIN_GCC_ARM/serial_device.o
 .text.uart4_irq
                0x08003efa        0x6 C:/Users/g031q/workspace/Robot_sample/mbed/TARGET_NUCLEO_F446RE/TOOLCHAIN_GCC_ARM/serial_device.o
 .text.uart5_irq
                0x08003f00        0x6 C:/Users/g031q/workspace/Robot_sample/mbed/TARGET_NUCLEO_F446RE/TOOLCHAIN_GCC_ARM/serial_device.o
 .text.uart6_irq
                0x08003f06        0x6 C:/Users/g031q/workspace/Robot_sample/mbed/TARGET_NUCLEO_F446RE/TOOLCHAIN_GCC_ARM/serial_device.o
 .text.serial_init
                0x08003f0c      0x1f8 C:/Users/g031q/workspace/Robot_sample/mbed/TARGET_NUCLEO_F446RE/TOOLCHAIN_GCC_ARM/serial_device.o
                0x08003f0c                serial_init
 .text.serial_baud
                0x08004104        0x6 C:/Users/g031q/workspace/Robot_sample/mbed/TARGET_NUCLEO_F446RE/TOOLCHAIN_GCC_ARM/serial_device.o
                0x08004104                serial_baud
 *fill*         0x0800410a        0x2 
 .text.serial_irq_handler
                0x0800410c       0x18 C:/Users/g031q/workspace/Robot_sample/mbed/TARGET_NUCLEO_F446RE/TOOLCHAIN_GCC_ARM/serial_device.o
                0x0800410c                serial_irq_handler
 .text.serial_irq_set
                0x08004124       0xb0 C:/Users/g031q/workspace/Robot_sample/mbed/TARGET_NUCLEO_F446RE/TOOLCHAIN_GCC_ARM/serial_device.o
                0x08004124                serial_irq_set
 .text.serial_getc
                0x080041d4       0x24 C:/Users/g031q/workspace/Robot_sample/mbed/TARGET_NUCLEO_F446RE/TOOLCHAIN_GCC_ARM/serial_device.o
                0x080041d4                serial_getc
 .text.serial_putc
                0x080041f8       0x24 C:/Users/g031q/workspace/Robot_sample/mbed/TARGET_NUCLEO_F446RE/TOOLCHAIN_GCC_ARM/serial_device.o
                0x080041f8                serial_putc
 .text.Reset_Handler
                0x0800421c       0x34 C:/Users/g031q/workspace/Robot_sample/mbed/TARGET_NUCLEO_F446RE/TOOLCHAIN_GCC_ARM/startup_stm32f446xx.o
                0x0800421c                Reset_Handler
 .text.Default_Handler
                0x08004250        0x2 C:/Users/g031q/workspace/Robot_sample/mbed/TARGET_NUCLEO_F446RE/TOOLCHAIN_GCC_ARM/startup_stm32f446xx.o
                0x08004250                RTC_Alarm_IRQHandler
                0x08004250                EXTI2_IRQHandler
                0x08004250                TIM8_CC_IRQHandler
                0x08004250                DebugMon_Handler
                0x08004250                SPI4_IRQHandler
                0x08004250                TIM1_CC_IRQHandler
                0x08004250                QuadSPI_IRQHandler
                0x08004250                DMA2_Stream5_IRQHandler
                0x08004250                HardFault_Handler
                0x08004250                DMA1_Stream5_IRQHandler
                0x08004250                SysTick_Handler
                0x08004250                PVD_IRQHandler
                0x08004250                SDIO_IRQHandler
                0x08004250                TAMP_STAMP_IRQHandler
                0x08004250                PendSV_Handler
                0x08004250                NMI_Handler
                0x08004250                CAN2_RX1_IRQHandler
                0x08004250                EXTI3_IRQHandler
                0x08004250                TIM8_TRG_COM_TIM14_IRQHandler
                0x08004250                TIM1_UP_TIM10_IRQHandler
                0x08004250                TIM8_UP_TIM13_IRQHandler
                0x08004250                I2C3_ER_IRQHandler
                0x08004250                FMPI2C1_Event_IRQHandler
                0x08004250                EXTI0_IRQHandler
                0x08004250                I2C2_EV_IRQHandler
                0x08004250                DMA1_Stream2_IRQHandler
                0x08004250                FPU_IRQHandler
                0x08004250                OTG_HS_WKUP_IRQHandler
                0x08004250                UsageFault_Handler
                0x08004250                DMA2_Stream2_IRQHandler
                0x08004250                SPI1_IRQHandler
                0x08004250                TIM6_DAC_IRQHandler
                0x08004250                TIM1_BRK_TIM9_IRQHandler
                0x08004250                DCMI_IRQHandler
                0x08004250                DMA2_Stream3_IRQHandler
                0x08004250                SAI2_IRQHandler
                0x08004250                USART6_IRQHandler
                0x08004250                USART3_IRQHandler
                0x08004250                CAN1_RX1_IRQHandler
                0x08004250                UART5_IRQHandler
                0x08004250                DMA2_Stream0_IRQHandler
                0x08004250                TIM4_IRQHandler
                0x08004250                I2C1_EV_IRQHandler
                0x08004250                DMA1_Stream6_IRQHandler
                0x08004250                DMA1_Stream1_IRQHandler
                0x08004250                UART4_IRQHandler
                0x08004250                TIM3_IRQHandler
                0x08004250                RCC_IRQHandler
                0x08004250                TIM8_BRK_TIM12_IRQHandler
                0x08004250                Default_Handler
                0x08004250                CEC_IRQHandler
                0x08004250                EXTI15_10_IRQHandler
                0x08004250                ADC_IRQHandler
                0x08004250                DMA1_Stream7_IRQHandler
                0x08004250                TIM7_IRQHandler
                0x08004250                TIM5_IRQHandler
                0x08004250                DMA2_Stream7_IRQHandler
                0x08004250                I2C3_EV_IRQHandler
                0x08004250                EXTI9_5_IRQHandler
                0x08004250                RTC_WKUP_IRQHandler
                0x08004250                SPDIF_RX_IRQHandler
                0x08004250                SPI2_IRQHandler
                0x08004250                OTG_HS_EP1_IN_IRQHandler
                0x08004250                MemManage_Handler
                0x08004250                DMA1_Stream0_IRQHandler
                0x08004250                SVC_Handler
                0x08004250                EXTI4_IRQHandler
                0x08004250                OTG_HS_EP1_OUT_IRQHandler
                0x08004250                WWDG_IRQHandler
                0x08004250                TIM2_IRQHandler
                0x08004250                OTG_FS_WKUP_IRQHandler
                0x08004250                TIM1_TRG_COM_TIM11_IRQHandler
                0x08004250                OTG_HS_IRQHandler
                0x08004250                EXTI1_IRQHandler
                0x08004250                USART2_IRQHandler
                0x08004250                I2C2_ER_IRQHandler
                0x08004250                DMA2_Stream1_IRQHandler
                0x08004250                FLASH_IRQHandler
                0x08004250                DMA2_Stream4_IRQHandler
                0x08004250                BusFault_Handler
                0x08004250                USART1_IRQHandler
                0x08004250                OTG_FS_IRQHandler
                0x08004250                SPI3_IRQHandler
                0x08004250                DMA1_Stream4_IRQHandler
                0x08004250                I2C1_ER_IRQHandler
                0x08004250                FMC_IRQHandler
                0x08004250                DMA2_Stream6_IRQHandler
                0x08004250                SAI1_IRQHandler
                0x08004250                DMA1_Stream3_IRQHandler
                0x08004250                FMPI2C1_Error_IRQHandler
 *fill*         0x08004252        0x2 
 .text.HAL_Init
                0x08004254       0x30 C:/Users/g031q/workspace/Robot_sample/mbed/TARGET_NUCLEO_F446RE/TOOLCHAIN_GCC_ARM/stm32f4xx_hal.o
                0x08004254                HAL_Init
 .text.HAL_IncTick
                0x08004284       0x10 C:/Users/g031q/workspace/Robot_sample/mbed/TARGET_NUCLEO_F446RE/TOOLCHAIN_GCC_ARM/stm32f4xx_hal.o
                0x08004284                HAL_IncTick
 .text.HAL_GetTick
                0x08004294        0xc C:/Users/g031q/workspace/Robot_sample/mbed/TARGET_NUCLEO_F446RE/TOOLCHAIN_GCC_ARM/stm32f4xx_hal.o
                0x08004294                HAL_GetTick
 .text.HAL_ADC_MspInit
                0x080042a0        0x2 C:/Users/g031q/workspace/Robot_sample/mbed/TARGET_NUCLEO_F446RE/TOOLCHAIN_GCC_ARM/stm32f4xx_hal_adc.o
                0x080042a0                HAL_ADC_MspInit
 *fill*         0x080042a2        0x2 
 .text.HAL_ADC_Init
                0x080042a4      0x154 C:/Users/g031q/workspace/Robot_sample/mbed/TARGET_NUCLEO_F446RE/TOOLCHAIN_GCC_ARM/stm32f4xx_hal_adc.o
                0x080042a4                HAL_ADC_Init
 .text.HAL_ADC_Start
                0x080043f8       0xc0 C:/Users/g031q/workspace/Robot_sample/mbed/TARGET_NUCLEO_F446RE/TOOLCHAIN_GCC_ARM/stm32f4xx_hal_adc.o
                0x080043f8                HAL_ADC_Start
 .text.HAL_ADC_PollForConversion
                0x080044b8       0xa0 C:/Users/g031q/workspace/Robot_sample/mbed/TARGET_NUCLEO_F446RE/TOOLCHAIN_GCC_ARM/stm32f4xx_hal_adc.o
                0x080044b8                HAL_ADC_PollForConversion
 .text.HAL_ADC_GetValue
                0x08004558        0x6 C:/Users/g031q/workspace/Robot_sample/mbed/TARGET_NUCLEO_F446RE/TOOLCHAIN_GCC_ARM/stm32f4xx_hal_adc.o
                0x08004558                HAL_ADC_GetValue
 *fill*         0x0800455e        0x2 
 .text.HAL_ADC_ConfigChannel
                0x08004560      0x130 C:/Users/g031q/workspace/Robot_sample/mbed/TARGET_NUCLEO_F446RE/TOOLCHAIN_GCC_ARM/stm32f4xx_hal_adc.o
                0x08004560                HAL_ADC_ConfigChannel
 .text.HAL_NVIC_DisableIRQ
                0x08004690       0x28 C:/Users/g031q/workspace/Robot_sample/mbed/TARGET_NUCLEO_F446RE/TOOLCHAIN_GCC_ARM/stm32f4xx_hal_cortex.o
                0x08004690                HAL_NVIC_DisableIRQ
 .text.HAL_DMA_Abort_IT
                0x080046b8       0x24 C:/Users/g031q/workspace/Robot_sample/mbed/TARGET_NUCLEO_F446RE/TOOLCHAIN_GCC_ARM/stm32f4xx_hal_dma.o
                0x080046b8                HAL_DMA_Abort_IT
 .text.HAL_I2C_MspInit
                0x080046dc        0x2 C:/Users/g031q/workspace/Robot_sample/mbed/TARGET_NUCLEO_F446RE/TOOLCHAIN_GCC_ARM/stm32f4xx_hal_i2c.o
                0x080046dc                HAL_I2C_MspInit
 *fill*         0x080046de        0x2 
 .text.HAL_I2C_Init
                0x080046e0       0xdc C:/Users/g031q/workspace/Robot_sample/mbed/TARGET_NUCLEO_F446RE/TOOLCHAIN_GCC_ARM/stm32f4xx_hal_i2c.o
                0x080046e0                HAL_I2C_Init
 .text.HAL_I2C_Master_Sequential_Transmit_IT
                0x080047bc       0xd4 C:/Users/g031q/workspace/Robot_sample/mbed/TARGET_NUCLEO_F446RE/TOOLCHAIN_GCC_ARM/stm32f4xx_hal_i2c.o
                0x080047bc                HAL_I2C_Master_Sequential_Transmit_IT
 .text.HAL_I2C_Master_Sequential_Receive_IT
                0x08004890       0xdc C:/Users/g031q/workspace/Robot_sample/mbed/TARGET_NUCLEO_F446RE/TOOLCHAIN_GCC_ARM/stm32f4xx_hal_i2c.o
                0x08004890                HAL_I2C_Master_Sequential_Receive_IT
 .text.HAL_I2C_EnableListen_IT
                0x0800496c       0x36 C:/Users/g031q/workspace/Robot_sample/mbed/TARGET_NUCLEO_F446RE/TOOLCHAIN_GCC_ARM/stm32f4xx_hal_i2c.o
                0x0800496c                HAL_I2C_EnableListen_IT
 .text.HAL_I2C_MemTxCpltCallback
                0x080049a2        0x2 C:/Users/g031q/workspace/Robot_sample/mbed/TARGET_NUCLEO_F446RE/TOOLCHAIN_GCC_ARM/stm32f4xx_hal_i2c.o
                0x080049a2                HAL_I2C_MemTxCpltCallback
 .text.HAL_I2C_MemRxCpltCallback
                0x080049a4        0x2 C:/Users/g031q/workspace/Robot_sample/mbed/TARGET_NUCLEO_F446RE/TOOLCHAIN_GCC_ARM/stm32f4xx_hal_i2c.o
                0x080049a4                HAL_I2C_MemRxCpltCallback
 *fill*         0x080049a6        0x2 
 .text.I2C_ITError
                0x080049a8      0x128 C:/Users/g031q/workspace/Robot_sample/mbed/TARGET_NUCLEO_F446RE/TOOLCHAIN_GCC_ARM/stm32f4xx_hal_i2c.o
 .text.HAL_I2C_EV_IRQHandler
                0x08004ad0      0x6bc C:/Users/g031q/workspace/Robot_sample/mbed/TARGET_NUCLEO_F446RE/TOOLCHAIN_GCC_ARM/stm32f4xx_hal_i2c.o
                0x08004ad0                HAL_I2C_EV_IRQHandler
 .text.HAL_I2C_ER_IRQHandler
                0x0800518c      0x134 C:/Users/g031q/workspace/Robot_sample/mbed/TARGET_NUCLEO_F446RE/TOOLCHAIN_GCC_ARM/stm32f4xx_hal_i2c.o
                0x0800518c                HAL_I2C_ER_IRQHandler
 .text.I2C_DMAAbort
                0x080052c0       0x4c C:/Users/g031q/workspace/Robot_sample/mbed/TARGET_NUCLEO_F446RE/TOOLCHAIN_GCC_ARM/stm32f4xx_hal_i2c.o
 .text.HAL_I2CEx_ConfigAnalogFilter
                0x0800530c       0x3e C:/Users/g031q/workspace/Robot_sample/mbed/TARGET_NUCLEO_F446RE/TOOLCHAIN_GCC_ARM/stm32f4xx_hal_i2c_ex.o
                0x0800530c                HAL_I2CEx_ConfigAnalogFilter
 .text.HAL_MspInit
                0x0800534a        0x2 C:/Users/g031q/workspace/Robot_sample/mbed/TARGET_NUCLEO_F446RE/TOOLCHAIN_GCC_ARM/stm32f4xx_hal_msp_template.o
                0x0800534a                HAL_MspInit
 .text.HAL_PWREx_EnableOverDrive
                0x0800534c       0x98 C:/Users/g031q/workspace/Robot_sample/mbed/TARGET_NUCLEO_F446RE/TOOLCHAIN_GCC_ARM/stm32f4xx_hal_pwr_ex.o
                0x0800534c                HAL_PWREx_EnableOverDrive
 .text.HAL_RCC_ClockConfig
                0x080053e4      0x16c C:/Users/g031q/workspace/Robot_sample/mbed/TARGET_NUCLEO_F446RE/TOOLCHAIN_GCC_ARM/stm32f4xx_hal_rcc.o
                0x080053e4                HAL_RCC_ClockConfig
 .text.HAL_RCC_GetPCLK1Freq
                0x08005550       0x30 C:/Users/g031q/workspace/Robot_sample/mbed/TARGET_NUCLEO_F446RE/TOOLCHAIN_GCC_ARM/stm32f4xx_hal_rcc.o
                0x08005550                HAL_RCC_GetPCLK1Freq
 .text.HAL_RCC_GetPCLK2Freq
                0x08005580       0x30 C:/Users/g031q/workspace/Robot_sample/mbed/TARGET_NUCLEO_F446RE/TOOLCHAIN_GCC_ARM/stm32f4xx_hal_rcc.o
                0x08005580                HAL_RCC_GetPCLK2Freq
 .text.HAL_RCC_GetClockConfig
                0x080055b0       0x3c C:/Users/g031q/workspace/Robot_sample/mbed/TARGET_NUCLEO_F446RE/TOOLCHAIN_GCC_ARM/stm32f4xx_hal_rcc.o
                0x080055b0                HAL_RCC_GetClockConfig
 .text.HAL_RCCEx_PeriphCLKConfig
                0x080055ec      0x5e0 C:/Users/g031q/workspace/Robot_sample/mbed/TARGET_NUCLEO_F446RE/TOOLCHAIN_GCC_ARM/stm32f4xx_hal_rcc_ex.o
                0x080055ec                HAL_RCCEx_PeriphCLKConfig
 .text.HAL_RCC_GetSysClockFreq
                0x08005bcc       0xbc C:/Users/g031q/workspace/Robot_sample/mbed/TARGET_NUCLEO_F446RE/TOOLCHAIN_GCC_ARM/stm32f4xx_hal_rcc_ex.o
                0x08005bcc                HAL_RCC_GetSysClockFreq
 .text.HAL_RCC_OscConfig
                0x08005c88      0x364 C:/Users/g031q/workspace/Robot_sample/mbed/TARGET_NUCLEO_F446RE/TOOLCHAIN_GCC_ARM/stm32f4xx_hal_rcc_ex.o
                0x08005c88                HAL_RCC_OscConfig
 .text.TIM_OC1_SetConfig
                0x08005fec       0x58 C:/Users/g031q/workspace/Robot_sample/mbed/TARGET_NUCLEO_F446RE/TOOLCHAIN_GCC_ARM/stm32f4xx_hal_tim.o
 .text.TIM_OC3_SetConfig
                0x08006044       0x60 C:/Users/g031q/workspace/Robot_sample/mbed/TARGET_NUCLEO_F446RE/TOOLCHAIN_GCC_ARM/stm32f4xx_hal_tim.o
 .text.TIM_OC4_SetConfig
                0x080060a4       0x50 C:/Users/g031q/workspace/Robot_sample/mbed/TARGET_NUCLEO_F446RE/TOOLCHAIN_GCC_ARM/stm32f4xx_hal_tim.o
 .text.HAL_TIM_OC_MspInit
                0x080060f4        0x2 C:/Users/g031q/workspace/Robot_sample/mbed/TARGET_NUCLEO_F446RE/TOOLCHAIN_GCC_ARM/stm32f4xx_hal_tim.o
                0x080060f4                HAL_TIM_OC_MspInit
 .text.HAL_TIM_PWM_MspInit
                0x080060f6        0x2 C:/Users/g031q/workspace/Robot_sample/mbed/TARGET_NUCLEO_F446RE/TOOLCHAIN_GCC_ARM/stm32f4xx_hal_tim.o
                0x080060f6                HAL_TIM_PWM_MspInit
 .text.TIM_Base_SetConfig
                0x080060f8       0xc8 C:/Users/g031q/workspace/Robot_sample/mbed/TARGET_NUCLEO_F446RE/TOOLCHAIN_GCC_ARM/stm32f4xx_hal_tim.o
                0x080060f8                TIM_Base_SetConfig
 .text.HAL_TIM_OC_Init
                0x080061c0       0x34 C:/Users/g031q/workspace/Robot_sample/mbed/TARGET_NUCLEO_F446RE/TOOLCHAIN_GCC_ARM/stm32f4xx_hal_tim.o
                0x080061c0                HAL_TIM_OC_Init
 .text.HAL_TIM_PWM_Init
                0x080061f4       0x34 C:/Users/g031q/workspace/Robot_sample/mbed/TARGET_NUCLEO_F446RE/TOOLCHAIN_GCC_ARM/stm32f4xx_hal_tim.o
                0x080061f4                HAL_TIM_PWM_Init
 .text.TIM_OC2_SetConfig
                0x08006228       0x60 C:/Users/g031q/workspace/Robot_sample/mbed/TARGET_NUCLEO_F446RE/TOOLCHAIN_GCC_ARM/stm32f4xx_hal_tim.o
                0x08006228                TIM_OC2_SetConfig
 .text.HAL_TIM_PWM_ConfigChannel
                0x08006288       0xc4 C:/Users/g031q/workspace/Robot_sample/mbed/TARGET_NUCLEO_F446RE/TOOLCHAIN_GCC_ARM/stm32f4xx_hal_tim.o
                0x08006288                HAL_TIM_PWM_ConfigChannel
 .text.TIM_CCxChannelCmd
                0x0800634c       0x18 C:/Users/g031q/workspace/Robot_sample/mbed/TARGET_NUCLEO_F446RE/TOOLCHAIN_GCC_ARM/stm32f4xx_hal_tim.o
                0x0800634c                TIM_CCxChannelCmd
 .text.HAL_TIM_PWM_Start
                0x08006364       0x34 C:/Users/g031q/workspace/Robot_sample/mbed/TARGET_NUCLEO_F446RE/TOOLCHAIN_GCC_ARM/stm32f4xx_hal_tim.o
                0x08006364                HAL_TIM_PWM_Start
 .text.HAL_TIM_OC_Start
                0x08006398        0x4 C:/Users/g031q/workspace/Robot_sample/mbed/TARGET_NUCLEO_F446RE/TOOLCHAIN_GCC_ARM/stm32f4xx_hal_tim.o
                0x08006398                HAL_TIM_OC_Start
 .text.TIM_CCxNChannelCmd
                0x0800639c       0x18 C:/Users/g031q/workspace/Robot_sample/mbed/TARGET_NUCLEO_F446RE/TOOLCHAIN_GCC_ARM/stm32f4xx_hal_tim_ex.o
 .text.HAL_TIMEx_PWMN_Start
                0x080063b4       0x22 C:/Users/g031q/workspace/Robot_sample/mbed/TARGET_NUCLEO_F446RE/TOOLCHAIN_GCC_ARM/stm32f4xx_hal_tim_ex.o
                0x080063b4                HAL_TIMEx_PWMN_Start
 *fill*         0x080063d6        0x2 
 .text.UART_SetConfig
                0x080063d8      0x234 C:/Users/g031q/workspace/Robot_sample/mbed/TARGET_NUCLEO_F446RE/TOOLCHAIN_GCC_ARM/stm32f4xx_hal_uart.o
 .text.HAL_UART_MspInit
                0x0800660c        0x2 C:/Users/g031q/workspace/Robot_sample/mbed/TARGET_NUCLEO_F446RE/TOOLCHAIN_GCC_ARM/stm32f4xx_hal_uart.o
                0x0800660c                HAL_UART_MspInit
 .text.HAL_UART_Init
                0x0800660e       0x5c C:/Users/g031q/workspace/Robot_sample/mbed/TARGET_NUCLEO_F446RE/TOOLCHAIN_GCC_ARM/stm32f4xx_hal_uart.o
                0x0800660e                HAL_UART_Init
 *fill*         0x0800666a        0x2 
 .text.SystemInit
                0x0800666c       0x44 C:/Users/g031q/workspace/Robot_sample/mbed/TARGET_NUCLEO_F446RE/TOOLCHAIN_GCC_ARM/system_clock.o
                0x0800666c                SystemInit
 .text.SetSysClock_PLL_HSE
                0x080066b0       0xc0 C:/Users/g031q/workspace/Robot_sample/mbed/TARGET_NUCLEO_F446RE/TOOLCHAIN_GCC_ARM/system_clock.o
                0x080066b0                SetSysClock_PLL_HSE
 .text.SetSysClock_PLL_HSI
                0x08006770       0xb4 C:/Users/g031q/workspace/Robot_sample/mbed/TARGET_NUCLEO_F446RE/TOOLCHAIN_GCC_ARM/system_clock.o
                0x08006770                SetSysClock_PLL_HSI
 .text.SetSysClock
                0x08006824       0x14 C:/Users/g031q/workspace/Robot_sample/mbed/TARGET_NUCLEO_F446RE/TOOLCHAIN_GCC_ARM/system_clock.o
                0x08006824                SetSysClock
 .text.SystemCoreClockUpdate
                0x08006838       0x74 C:/Users/g031q/workspace/Robot_sample/mbed/TARGET_NUCLEO_F446RE/TOOLCHAIN_GCC_ARM/system_stm32f4xx.o
                0x08006838                SystemCoreClockUpdate
 .text.us_ticker_init
                0x080068ac        0x2 C:/Users/g031q/workspace/Robot_sample/mbed/TARGET_NUCLEO_F446RE/TOOLCHAIN_GCC_ARM/us_ticker_32b.o
                0x080068ac                us_ticker_init
 *fill*         0x080068ae        0x2 
 .text.us_ticker_read
                0x080068b0        0xc C:/Users/g031q/workspace/Robot_sample/mbed/TARGET_NUCLEO_F446RE/TOOLCHAIN_GCC_ARM/us_ticker_32b.o
                0x080068b0                us_ticker_read
 .text.us_ticker_set_interrupt
                0x080068bc       0x1c C:/Users/g031q/workspace/Robot_sample/mbed/TARGET_NUCLEO_F446RE/TOOLCHAIN_GCC_ARM/us_ticker_32b.o
                0x080068bc                us_ticker_set_interrupt
 .text.us_ticker_fire_interrupt
                0x080068d8       0x14 C:/Users/g031q/workspace/Robot_sample/mbed/TARGET_NUCLEO_F446RE/TOOLCHAIN_GCC_ARM/us_ticker_32b.o
                0x080068d8                us_ticker_fire_interrupt
 .text.us_ticker_disable_interrupt
                0x080068ec       0x14 C:/Users/g031q/workspace/Robot_sample/mbed/TARGET_NUCLEO_F446RE/TOOLCHAIN_GCC_ARM/us_ticker_32b.o
                0x080068ec                us_ticker_disable_interrupt
 .text.us_ticker_clear_interrupt
                0x08006900       0x10 C:/Users/g031q/workspace/Robot_sample/mbed/TARGET_NUCLEO_F446RE/TOOLCHAIN_GCC_ARM/us_ticker_32b.o
                0x08006900                us_ticker_clear_interrupt
 .text._gpio_init_in
                0x08006910       0x26 C:\Users\g031q\workspace\Robot_sample\mbed\TARGET_NUCLEO_F446RE\TOOLCHAIN_GCC_ARM\libmbed.a(mbed_gpio.o)
 .text._gpio_init_out.part.2
                0x08006936       0x28 C:\Users\g031q\workspace\Robot_sample\mbed\TARGET_NUCLEO_F446RE\TOOLCHAIN_GCC_ARM\libmbed.a(mbed_gpio.o)
 .text.gpio_init_in
                0x0800695e        0x6 C:\Users\g031q\workspace\Robot_sample\mbed\TARGET_NUCLEO_F446RE\TOOLCHAIN_GCC_ARM\libmbed.a(mbed_gpio.o)
                0x0800695e                gpio_init_in
 .text.gpio_init_out_ex
                0x08006964       0x20 C:\Users\g031q\workspace\Robot_sample\mbed\TARGET_NUCLEO_F446RE\TOOLCHAIN_GCC_ARM\libmbed.a(mbed_gpio.o)
                0x08006964                gpio_init_out_ex
 .text.gpio_init_out
                0x08006984        0x6 C:\Users\g031q\workspace\Robot_sample\mbed\TARGET_NUCLEO_F446RE\TOOLCHAIN_GCC_ARM\libmbed.a(mbed_gpio.o)
                0x08006984                gpio_init_out
 .text._ZN4mbed5TimerD2Ev
                0x0800698a       0x20 C:\Users\g031q\workspace\Robot_sample\mbed\TARGET_NUCLEO_F446RE\TOOLCHAIN_GCC_ARM\libmbed.a(Timer.o)
                0x0800698a                mbed::Timer::~Timer()
                0x0800698a                mbed::Timer::~Timer()
 .text._ZN4mbed5Timer5startEv
                0x080069aa       0x2a C:\Users\g031q\workspace\Robot_sample\mbed\TARGET_NUCLEO_F446RE\TOOLCHAIN_GCC_ARM\libmbed.a(Timer.o)
                0x080069aa                mbed::Timer::start()
 .text._ZN4mbed5Timer9slicetimeEv
                0x080069d4       0x2c C:\Users\g031q\workspace\Robot_sample\mbed\TARGET_NUCLEO_F446RE\TOOLCHAIN_GCC_ARM\libmbed.a(Timer.o)
                0x080069d4                mbed::Timer::slicetime()
 .text._ZN4mbed5Timer23read_high_resolution_usEv
                0x08006a00       0x20 C:\Users\g031q\workspace\Robot_sample\mbed\TARGET_NUCLEO_F446RE\TOOLCHAIN_GCC_ARM\libmbed.a(Timer.o)
                0x08006a00                mbed::Timer::read_high_resolution_us()
 .text._ZN4mbed5Timer7read_usEv
                0x08006a20        0x8 C:\Users\g031q\workspace\Robot_sample\mbed\TARGET_NUCLEO_F446RE\TOOLCHAIN_GCC_ARM\libmbed.a(Timer.o)
                0x08006a20                mbed::Timer::read_us()
 .text._ZN4mbed5Timer5resetEv
                0x08006a28       0x22 C:\Users\g031q\workspace\Robot_sample\mbed\TARGET_NUCLEO_F446RE\TOOLCHAIN_GCC_ARM\libmbed.a(Timer.o)
                0x08006a28                mbed::Timer::reset()
 .text._ZN4mbed5TimerC2Ev
                0x08006a4a       0x28 C:\Users\g031q\workspace\Robot_sample\mbed\TARGET_NUCLEO_F446RE\TOOLCHAIN_GCC_ARM\libmbed.a(Timer.o)
                0x08006a4a                mbed::Timer::Timer()
                0x08006a4a                mbed::Timer::Timer()
 *fill*         0x08006a72        0x2 
 .text.pinmap_pinout
                0x08006a74       0x3c C:\Users\g031q\workspace\Robot_sample\mbed\TARGET_NUCLEO_F446RE\TOOLCHAIN_GCC_ARM\libmbed.a(mbed_pinmap_common.o)
                0x08006a74                pinmap_pinout
 .text.pinmap_merge
                0x08006ab0       0x24 C:\Users\g031q\workspace\Robot_sample\mbed\TARGET_NUCLEO_F446RE\TOOLCHAIN_GCC_ARM\libmbed.a(mbed_pinmap_common.o)
                0x08006ab0                pinmap_merge
 .text.pinmap_find_peripheral
                0x08006ad4       0x18 C:\Users\g031q\workspace\Robot_sample\mbed\TARGET_NUCLEO_F446RE\TOOLCHAIN_GCC_ARM\libmbed.a(mbed_pinmap_common.o)
                0x08006ad4                pinmap_find_peripheral
 .text.pinmap_peripheral
                0x08006aec       0x20 C:\Users\g031q\workspace\Robot_sample\mbed\TARGET_NUCLEO_F446RE\TOOLCHAIN_GCC_ARM\libmbed.a(mbed_pinmap_common.o)
                0x08006aec                pinmap_peripheral
 .text.pinmap_find_function
                0x08006b0c       0x18 C:\Users\g031q\workspace\Robot_sample\mbed\TARGET_NUCLEO_F446RE\TOOLCHAIN_GCC_ARM\libmbed.a(mbed_pinmap_common.o)
                0x08006b0c                pinmap_find_function
 .text.pinmap_function
                0x08006b24       0x20 C:\Users\g031q\workspace\Robot_sample\mbed\TARGET_NUCLEO_F446RE\TOOLCHAIN_GCC_ARM\libmbed.a(mbed_pinmap_common.o)
                0x08006b24                pinmap_function
 .text.get_us_ticker_data
                0x08006b44        0x8 C:\Users\g031q\workspace\Robot_sample\mbed\TARGET_NUCLEO_F446RE\TOOLCHAIN_GCC_ARM\libmbed.a(mbed_us_ticker_api.o)
                0x08006b44                get_us_ticker_data
 .text.us_ticker_irq_handler
                0x08006b4c        0xc C:\Users\g031q\workspace\Robot_sample\mbed\TARGET_NUCLEO_F446RE\TOOLCHAIN_GCC_ARM\libmbed.a(mbed_us_ticker_api.o)
                0x08006b4c                us_ticker_irq_handler
 .text._ZN4mbed10FileHandle5lseekEli
                0x08006b58        0x6 C:\Users\g031q\workspace\Robot_sample\mbed\TARGET_NUCLEO_F446RE\TOOLCHAIN_GCC_ARM\libmbed.a(Serial.o)
                0x08006b58                mbed::FileHandle::lseek(long, int)
 .text._ZN4mbed10FileHandle5fsyncEv
                0x08006b5e        0x6 C:\Users\g031q\workspace\Robot_sample\mbed\TARGET_NUCLEO_F446RE\TOOLCHAIN_GCC_ARM\libmbed.a(Serial.o)
                0x08006b5e                mbed::FileHandle::fsync()
 .text._ZN4mbed10FileHandle4flenEv
                0x08006b64        0x6 C:\Users\g031q\workspace\Robot_sample\mbed\TARGET_NUCLEO_F446RE\TOOLCHAIN_GCC_ARM\libmbed.a(Serial.o)
                0x08006b64                mbed::FileHandle::flen()
 .text._ZN4mbed10FileHandle12set_blockingEb
                0x08006b6a        0x6 C:\Users\g031q\workspace\Robot_sample\mbed\TARGET_NUCLEO_F446RE\TOOLCHAIN_GCC_ARM\libmbed.a(Serial.o)
                0x08006b6a                mbed::FileHandle::set_blocking(bool)
 .text._ZNK4mbed10FileHandle4pollEs
                0x08006b70        0x4 C:\Users\g031q\workspace\Robot_sample\mbed\TARGET_NUCLEO_F446RE\TOOLCHAIN_GCC_ARM\libmbed.a(Serial.o)
                0x08006b70                mbed::FileHandle::poll(short) const
 .text._ZN4mbed10FileHandle5sigioENS_8CallbackIFvvEEE
                0x08006b74        0x2 C:\Users\g031q\workspace\Robot_sample\mbed\TARGET_NUCLEO_F446RE\TOOLCHAIN_GCC_ARM\libmbed.a(Serial.o)
                0x08006b74                mbed::FileHandle::sigio(mbed::Callback<void ()>)
 .text._ZN4mbed6Serial6unlockEv
                0x08006b76        0x2 C:\Users\g031q\workspace\Robot_sample\mbed\TARGET_NUCLEO_F446RE\TOOLCHAIN_GCC_ARM\libmbed.a(Serial.o)
                0x08006b76                mbed::Serial::unlock()
                0x08006b76                mbed::Serial::lock()
 .text._ZThn188_N4mbed6Serial4lockEv
                0x08006b78        0x8 C:\Users\g031q\workspace\Robot_sample\mbed\TARGET_NUCLEO_F446RE\TOOLCHAIN_GCC_ARM\libmbed.a(Serial.o)
                0x08006b78                non-virtual thunk to mbed::Serial::lock()
 .text._ZThn188_N4mbed6Serial6unlockEv
                0x08006b80        0x8 C:\Users\g031q\workspace\Robot_sample\mbed\TARGET_NUCLEO_F446RE\TOOLCHAIN_GCC_ARM\libmbed.a(Serial.o)
                0x08006b80                non-virtual thunk to mbed::Serial::unlock()
 .text._ZN4mbed6Serial5_getcEv
                0x08006b88        0x4 C:\Users\g031q\workspace\Robot_sample\mbed\TARGET_NUCLEO_F446RE\TOOLCHAIN_GCC_ARM\libmbed.a(Serial.o)
                0x08006b88                mbed::Serial::_getc()
 .text._ZThn188_N4mbed6Serial5_getcEv
                0x08006b8c        0x8 C:\Users\g031q\workspace\Robot_sample\mbed\TARGET_NUCLEO_F446RE\TOOLCHAIN_GCC_ARM\libmbed.a(Serial.o)
                0x08006b8c                non-virtual thunk to mbed::Serial::_getc()
 .text._ZN4mbed6Serial5_putcEi
                0x08006b94        0x4 C:\Users\g031q\workspace\Robot_sample\mbed\TARGET_NUCLEO_F446RE\TOOLCHAIN_GCC_ARM\libmbed.a(Serial.o)
                0x08006b94                mbed::Serial::_putc(int)
 .text._ZThn188_N4mbed6Serial5_putcEi
                0x08006b98        0x8 C:\Users\g031q\workspace\Robot_sample\mbed\TARGET_NUCLEO_F446RE\TOOLCHAIN_GCC_ARM\libmbed.a(Serial.o)
                0x08006b98                non-virtual thunk to mbed::Serial::_putc(int)
 .text._ZN4mbed6SerialC2E7PinNameS1_PKci
                0x08006ba0       0x34 C:\Users\g031q\workspace\Robot_sample\mbed\TARGET_NUCLEO_F446RE\TOOLCHAIN_GCC_ARM\libmbed.a(Serial.o)
                0x08006ba0                mbed::Serial::Serial(PinName, PinName, char const*, int)
                0x08006ba0                mbed::Serial::Serial(PinName, PinName, char const*, int)
 .text._ZN4mbed11InterruptInC2E7PinName
                0x08006bd4       0x64 C:\Users\g031q\workspace\Robot_sample\mbed\TARGET_NUCLEO_F446RE\TOOLCHAIN_GCC_ARM\libmbed.a(InterruptIn.o)
                0x08006bd4                mbed::InterruptIn::InterruptIn(PinName)
                0x08006bd4                mbed::InterruptIn::InterruptIn(PinName)
 .text._ZN4mbed11InterruptInD2Ev
                0x08006c38       0x28 C:\Users\g031q\workspace\Robot_sample\mbed\TARGET_NUCLEO_F446RE\TOOLCHAIN_GCC_ARM\libmbed.a(InterruptIn.o)
                0x08006c38                mbed::InterruptIn::~InterruptIn()
                0x08006c38                mbed::InterruptIn::~InterruptIn()
 .text._ZN4mbed11InterruptInD0Ev
                0x08006c60       0x12 C:\Users\g031q\workspace\Robot_sample\mbed\TARGET_NUCLEO_F446RE\TOOLCHAIN_GCC_ARM\libmbed.a(InterruptIn.o)
                0x08006c60                mbed::InterruptIn::~InterruptIn()
 .text._ZN4mbed8CallbackIFvvEEaSERKS2_
                0x08006c72       0x24 C:\Users\g031q\workspace\Robot_sample\mbed\TARGET_NUCLEO_F446RE\TOOLCHAIN_GCC_ARM\libmbed.a(InterruptIn.o)
                0x08006c72                mbed::Callback<void ()>::operator=(mbed::Callback<void ()> const&)
 .text._ZN4mbed11InterruptIn4riseENS_8CallbackIFvvEEE
                0x08006c96       0x4c C:\Users\g031q\workspace\Robot_sample\mbed\TARGET_NUCLEO_F446RE\TOOLCHAIN_GCC_ARM\libmbed.a(InterruptIn.o)
                0x08006c96                mbed::InterruptIn::rise(mbed::Callback<void ()>)
 .text._ZN4mbed11InterruptIn4fallENS_8CallbackIFvvEEE
                0x08006ce2       0x4c C:\Users\g031q\workspace\Robot_sample\mbed\TARGET_NUCLEO_F446RE\TOOLCHAIN_GCC_ARM\libmbed.a(InterruptIn.o)
                0x08006ce2                mbed::InterruptIn::fall(mbed::Callback<void ()>)
 *fill*         0x08006d2e        0x2 
 .text._ZNK4mbed8CallbackIFvvEE4callEv
                0x08006d30       0x28 C:\Users\g031q\workspace\Robot_sample\mbed\TARGET_NUCLEO_F446RE\TOOLCHAIN_GCC_ARM\libmbed.a(InterruptIn.o)
                0x08006d30                mbed::Callback<void ()>::call() const
 .text._ZN4mbed11InterruptIn12_irq_handlerEm14gpio_irq_event
                0x08006d58       0x22 C:\Users\g031q\workspace\Robot_sample\mbed\TARGET_NUCLEO_F446RE\TOOLCHAIN_GCC_ARM\libmbed.a(InterruptIn.o)
                0x08006d58                mbed::InterruptIn::_irq_handler(unsigned long, gpio_irq_event)
 .text._ZN6CThunkIN4mbed3I2CEE10trampolineEPS1_PvPMS1_FvS4_E
                0x08006d7a       0x2c C:\Users\g031q\workspace\Robot_sample\mbed\TARGET_NUCLEO_F446RE\TOOLCHAIN_GCC_ARM\libmbed.a(I2C.o)
                0x08006d7a                CThunk<mbed::I2C>::trampoline(mbed::I2C*, void*, void (mbed::I2C::**)(void*))
 *fill*         0x08006da6        0x2 
 .text._ZN4mbed3I2C6unlockEv
                0x08006da8       0x28 C:\Users\g031q\workspace\Robot_sample\mbed\TARGET_NUCLEO_F446RE\TOOLCHAIN_GCC_ARM\libmbed.a(I2C.o)
                0x08006da8                mbed::I2C::unlock()
                0x08006da8                mbed::I2C::lock()
 .text._ZN4mbed3I2CC2E7PinNameS1_
                0x08006dd0       0x88 C:\Users\g031q\workspace\Robot_sample\mbed\TARGET_NUCLEO_F446RE\TOOLCHAIN_GCC_ARM\libmbed.a(I2C.o)
                0x08006dd0                mbed::I2C::I2C(PinName, PinName)
                0x08006dd0                mbed::I2C::I2C(PinName, PinName)
 .text._ZN4mbed3I2C9frequencyEi
                0x08006e58       0x30 C:\Users\g031q\workspace\Robot_sample\mbed\TARGET_NUCLEO_F446RE\TOOLCHAIN_GCC_ARM\libmbed.a(I2C.o)
                0x08006e58                mbed::I2C::frequency(int)
 .text._ZN4mbed3I2C6aquireEv
                0x08006e88       0x30 C:\Users\g031q\workspace\Robot_sample\mbed\TARGET_NUCLEO_F446RE\TOOLCHAIN_GCC_ARM\libmbed.a(I2C.o)
                0x08006e88                mbed::I2C::aquire()
 .text._ZN4mbed3I2C5writeEiPKcib
                0x08006eb8       0x42 C:\Users\g031q\workspace\Robot_sample\mbed\TARGET_NUCLEO_F446RE\TOOLCHAIN_GCC_ARM\libmbed.a(I2C.o)
                0x08006eb8                mbed::I2C::write(int, char const*, int, bool)
 .text._ZN4mbed3I2C4readEiPcib
                0x08006efa       0x42 C:\Users\g031q\workspace\Robot_sample\mbed\TARGET_NUCLEO_F446RE\TOOLCHAIN_GCC_ARM\libmbed.a(I2C.o)
                0x08006efa                mbed::I2C::read(int, char*, int, bool)
 .text._ZN4mbed3I2C4stopEv
                0x08006f3c       0x20 C:\Users\g031q\workspace\Robot_sample\mbed\TARGET_NUCLEO_F446RE\TOOLCHAIN_GCC_ARM\libmbed.a(I2C.o)
                0x08006f3c                mbed::I2C::stop()
 .text.update_present_time
                0x08006f5c       0x26 C:\Users\g031q\workspace\Robot_sample\mbed\TARGET_NUCLEO_F446RE\TOOLCHAIN_GCC_ARM\libmbed.a(mbed_ticker_api.o)
 .text.schedule_interrupt
                0x08006f82       0x6c C:\Users\g031q\workspace\Robot_sample\mbed\TARGET_NUCLEO_F446RE\TOOLCHAIN_GCC_ARM\libmbed.a(mbed_ticker_api.o)
 .text.initialize.part.1
                0x08006fee       0x2e C:\Users\g031q\workspace\Robot_sample\mbed\TARGET_NUCLEO_F446RE\TOOLCHAIN_GCC_ARM\libmbed.a(mbed_ticker_api.o)
 .text.ticker_irq_handler
                0x0800701c       0x44 C:\Users\g031q\workspace\Robot_sample\mbed\TARGET_NUCLEO_F446RE\TOOLCHAIN_GCC_ARM\libmbed.a(mbed_ticker_api.o)
                0x0800701c                ticker_irq_handler
 .text.ticker_read_us
                0x08007060       0x1c C:\Users\g031q\workspace\Robot_sample\mbed\TARGET_NUCLEO_F446RE\TOOLCHAIN_GCC_ARM\libmbed.a(mbed_ticker_api.o)
                0x08007060                ticker_read_us
 .text.ticker_read
                0x0800707c        0x8 C:\Users\g031q\workspace\Robot_sample\mbed\TARGET_NUCLEO_F446RE\TOOLCHAIN_GCC_ARM\libmbed.a(mbed_ticker_api.o)
                0x0800707c                ticker_read
 .text.sleep_manager_lock_deep_sleep
                0x08007084       0x34 C:\Users\g031q\workspace\Robot_sample\mbed\TARGET_NUCLEO_F446RE\TOOLCHAIN_GCC_ARM\libmbed.a(mbed_sleep_manager.o)
                0x08007084                sleep_manager_lock_deep_sleep
 .text.sleep_manager_unlock_deep_sleep
                0x080070b8       0x30 C:\Users\g031q\workspace\Robot_sample\mbed\TARGET_NUCLEO_F446RE\TOOLCHAIN_GCC_ARM\libmbed.a(mbed_sleep_manager.o)
                0x080070b8                sleep_manager_unlock_deep_sleep
 .text.mbed_assert_internal
                0x080070e8       0x24 C:\Users\g031q\workspace\Robot_sample\mbed\TARGET_NUCLEO_F446RE\TOOLCHAIN_GCC_ARM\libmbed.a(mbed_assert.o)
                0x080070e8                mbed_assert_internal
 .text.core_util_are_interrupts_enabled
                0x0800710c        0xc C:\Users\g031q\workspace\Robot_sample\mbed\TARGET_NUCLEO_F446RE\TOOLCHAIN_GCC_ARM\libmbed.a(mbed_critical.o)
                0x0800710c                core_util_are_interrupts_enabled
 .text.core_util_critical_section_enter
                0x08007118       0x58 C:\Users\g031q\workspace\Robot_sample\mbed\TARGET_NUCLEO_F446RE\TOOLCHAIN_GCC_ARM\libmbed.a(mbed_critical.o)
                0x08007118                core_util_critical_section_enter
 .text.core_util_critical_section_exit
                0x08007170       0x3c C:\Users\g031q\workspace\Robot_sample\mbed\TARGET_NUCLEO_F446RE\TOOLCHAIN_GCC_ARM\libmbed.a(mbed_critical.o)
                0x08007170                core_util_critical_section_exit
 .text.core_util_atomic_incr_u16
                0x080071ac       0x1a C:\Users\g031q\workspace\Robot_sample\mbed\TARGET_NUCLEO_F446RE\TOOLCHAIN_GCC_ARM\libmbed.a(mbed_critical.o)
                0x080071ac                core_util_atomic_incr_u16
 .text.core_util_atomic_decr_u16
                0x080071c6       0x1a C:\Users\g031q\workspace\Robot_sample\mbed\TARGET_NUCLEO_F446RE\TOOLCHAIN_GCC_ARM\libmbed.a(mbed_critical.o)
                0x080071c6                core_util_atomic_decr_u16
 .text.error    0x080071e0       0x2c C:\Users\g031q\workspace\Robot_sample\mbed\TARGET_NUCLEO_F446RE\TOOLCHAIN_GCC_ARM\libmbed.a(mbed_error.o)
                0x080071e0                error
 .text._ZN4mbed10SerialBase4lockEv
                0x0800720c        0x2 C:\Users\g031q\workspace\Robot_sample\mbed\TARGET_NUCLEO_F446RE\TOOLCHAIN_GCC_ARM\libmbed.a(SerialBase.o)
                0x0800720c                mbed::SerialBase::lock()
 .text._ZN4mbed10SerialBase6unlockEv
                0x0800720e        0x2 C:\Users\g031q\workspace\Robot_sample\mbed\TARGET_NUCLEO_F446RE\TOOLCHAIN_GCC_ARM\libmbed.a(SerialBase.o)
                0x0800720e                mbed::SerialBase::unlock()
 .text._ZN6CThunkIN4mbed10SerialBaseEE10trampolineEPS1_PvPMS1_FvS4_E
                0x08007210       0x2c C:\Users\g031q\workspace\Robot_sample\mbed\TARGET_NUCLEO_F446RE\TOOLCHAIN_GCC_ARM\libmbed.a(SerialBase.o)
                0x08007210                CThunk<mbed::SerialBase>::trampoline(mbed::SerialBase*, void*, void (mbed::SerialBase::**)(void*))
 .text._ZN4mbed10SerialBase12_irq_handlerEm9SerialIrq
                0x0800723c       0x3c C:\Users\g031q\workspace\Robot_sample\mbed\TARGET_NUCLEO_F446RE\TOOLCHAIN_GCC_ARM\libmbed.a(SerialBase.o)
                0x0800723c                mbed::SerialBase::_irq_handler(unsigned long, SerialIrq)
 .text._ZN4mbed10SerialBase8readableEv